Component: ARM Compiler 5.06 update 6 (build 750) Tool: armlink [4d35ed]

==============================================================================

Section Cross References

    main_menu.o(i.Main_Menu) refers to _printf_percent.o(.ARM.Collect$$_printf_percent$$00000000) for _printf_percent
    main_menu.o(i.Main_Menu) refers to _printf_s.o(.ARM.Collect$$_printf_percent$$00000014) for _printf_s
    main_menu.o(i.Main_Menu) refers to _printf_str.o(.text) for _printf_str
    main_menu.o(i.Main_Menu) refers to glcd_spi_lpc1700.o(i.GLCD_Clear) for GLCD_Clear
    main_menu.o(i.Main_Menu) refers to glcd_spi_lpc1700.o(i.GLCD_SetBackColor) for GLCD_SetBackColor
    main_menu.o(i.Main_Menu) refers to glcd_spi_lpc1700.o(i.GLCD_SetTextColor) for GLCD_SetTextColor
    main_menu.o(i.Main_Menu) refers to glcd_spi_lpc1700.o(i.GLCD_DisplayString) for GLCD_DisplayString
    main_menu.o(i.Main_Menu) refers to joystick_mcb1700.o(i.Joystick_GetState) for Joystick_GetState
    main_menu.o(i.Main_Menu) refers to photo_gallery.o(i.Photo_Gallery) for Photo_Gallery
    main_menu.o(i.Main_Menu) refers to mp3_player.o(i.MP3_Player) for MP3_Player
    main_menu.o(i.Main_Menu) refers to game.o(i.Game_Select) for Game_Select
    main_menu.o(i.Main_Menu) refers to glcd_spi_lpc1700.o(i.GLCD_ClearLn) for GLCD_ClearLn
    main_menu.o(i.Main_Menu) refers to noretval__2sprintf.o(.text) for __2sprintf
    main_menu.o(i.main) refers to glcd_spi_lpc1700.o(i.GLCD_Init) for GLCD_Init
    main_menu.o(i.main) refers to joystick_mcb1700.o(i.Joystick_Initialize) for Joystick_Initialize
    main_menu.o(i.main) refers to main_menu.o(i.Main_Menu) for Main_Menu
    glcd_spi_lpc1700.o(i.GLCD_Bargraph) refers to glcd_spi_lpc1700.o(i.GLCD_SetWindow) for GLCD_SetWindow
    glcd_spi_lpc1700.o(i.GLCD_Bargraph) refers to glcd_spi_lpc1700.o(i.wr_cmd) for wr_cmd
    glcd_spi_lpc1700.o(i.GLCD_Bargraph) refers to glcd_spi_lpc1700.o(i.wr_dat_start) for wr_dat_start
    glcd_spi_lpc1700.o(i.GLCD_Bargraph) refers to glcd_spi_lpc1700.o(i.wr_dat_only) for wr_dat_only
    glcd_spi_lpc1700.o(i.GLCD_Bargraph) refers to glcd_spi_lpc1700.o(i.wr_dat_stop) for wr_dat_stop
    glcd_spi_lpc1700.o(i.GLCD_Bargraph) refers to glcd_spi_lpc1700.o(.data) for Color
    glcd_spi_lpc1700.o(i.GLCD_Bitmap) refers to glcd_spi_lpc1700.o(i.GLCD_SetWindow) for GLCD_SetWindow
    glcd_spi_lpc1700.o(i.GLCD_Bitmap) refers to glcd_spi_lpc1700.o(i.wr_cmd) for wr_cmd
    glcd_spi_lpc1700.o(i.GLCD_Bitmap) refers to glcd_spi_lpc1700.o(i.wr_dat_start) for wr_dat_start
    glcd_spi_lpc1700.o(i.GLCD_Bitmap) refers to glcd_spi_lpc1700.o(i.wr_dat_only) for wr_dat_only
    glcd_spi_lpc1700.o(i.GLCD_Bitmap) refers to glcd_spi_lpc1700.o(i.wr_dat_stop) for wr_dat_stop
    glcd_spi_lpc1700.o(i.GLCD_Clear) refers to glcd_spi_lpc1700.o(i.GLCD_WindowMax) for GLCD_WindowMax
    glcd_spi_lpc1700.o(i.GLCD_Clear) refers to glcd_spi_lpc1700.o(i.wr_cmd) for wr_cmd
    glcd_spi_lpc1700.o(i.GLCD_Clear) refers to glcd_spi_lpc1700.o(i.wr_dat_start) for wr_dat_start
    glcd_spi_lpc1700.o(i.GLCD_Clear) refers to glcd_spi_lpc1700.o(i.wr_dat_only) for wr_dat_only
    glcd_spi_lpc1700.o(i.GLCD_Clear) refers to glcd_spi_lpc1700.o(i.wr_dat_stop) for wr_dat_stop
    glcd_spi_lpc1700.o(i.GLCD_ClearLn) refers to glcd_spi_lpc1700.o(i.GLCD_WindowMax) for GLCD_WindowMax
    glcd_spi_lpc1700.o(i.GLCD_ClearLn) refers to glcd_spi_lpc1700.o(i.GLCD_DisplayString) for GLCD_DisplayString
    glcd_spi_lpc1700.o(i.GLCD_DisplayChar) refers to glcd_spi_lpc1700.o(i.GLCD_DrawChar) for GLCD_DrawChar
    glcd_spi_lpc1700.o(i.GLCD_DisplayChar) refers to glcd_spi_lpc1700.o(.constdata) for Font_6x8_h
    glcd_spi_lpc1700.o(i.GLCD_DisplayString) refers to glcd_spi_lpc1700.o(i.GLCD_DisplayChar) for GLCD_DisplayChar
    glcd_spi_lpc1700.o(i.GLCD_DrawChar) refers to glcd_spi_lpc1700.o(i.GLCD_SetWindow) for GLCD_SetWindow
    glcd_spi_lpc1700.o(i.GLCD_DrawChar) refers to glcd_spi_lpc1700.o(i.wr_cmd) for wr_cmd
    glcd_spi_lpc1700.o(i.GLCD_DrawChar) refers to glcd_spi_lpc1700.o(i.wr_dat_start) for wr_dat_start
    glcd_spi_lpc1700.o(i.GLCD_DrawChar) refers to glcd_spi_lpc1700.o(i.wr_dat_only) for wr_dat_only
    glcd_spi_lpc1700.o(i.GLCD_DrawChar) refers to glcd_spi_lpc1700.o(i.wr_dat_stop) for wr_dat_stop
    glcd_spi_lpc1700.o(i.GLCD_DrawChar) refers to glcd_spi_lpc1700.o(.data) for Color
    glcd_spi_lpc1700.o(i.GLCD_Init) refers to glcd_spi_lpc1700.o(i.rd_id_man) for rd_id_man
    glcd_spi_lpc1700.o(i.GLCD_Init) refers to glcd_spi_lpc1700.o(i.rd_reg) for rd_reg
    glcd_spi_lpc1700.o(i.GLCD_Init) refers to glcd_spi_lpc1700.o(i.wr_reg) for wr_reg
    glcd_spi_lpc1700.o(i.GLCD_Init) refers to glcd_spi_lpc1700.o(i.delay) for delay
    glcd_spi_lpc1700.o(i.GLCD_Init) refers to glcd_spi_lpc1700.o(.data) for Himax
    glcd_spi_lpc1700.o(i.GLCD_PutPixel) refers to glcd_spi_lpc1700.o(i.wr_reg) for wr_reg
    glcd_spi_lpc1700.o(i.GLCD_PutPixel) refers to glcd_spi_lpc1700.o(i.wr_cmd) for wr_cmd
[...]
    ../clib/stdlib.c                         0x00000000   Number         0  exit.o ABSOLUTE
    ../clib/stdlib.c                         0x00000000   Number         0  rand.o ABSOLUTE
    ../fplib/fpinit.s                        0x00000000   Number         0  fpinit.o ABSOLUTE
    C:\Users\ECBME\AppData\Local\Arm\Packs\Keil\LPC1700_DFP\2.6.0\Boards\Keil\MCB1700\Common\ADC_MCB1700.c 0x00000000   Number         0  adc_mcb1700.o ABSOLUTE
    C:\Users\ECBME\AppData\Local\Arm\Packs\Keil\LPC1700_DFP\2.6.0\Boards\Keil\MCB1700\Common\Joystick_MCB1700.c 0x00000000   Number         0  joystick_mcb1700.o ABSOLUTE
    C:\Users\ECBME\AppData\Local\Arm\Packs\Keil\LPC1700_DFP\2.6.0\Boards\Keil\MCB1700\Common\LED_MCB1700.c 0x00000000   Number         0  led_mcb1700.o ABSOLUTE
    C:\Users\ECBME\AppData\Local\Arm\Packs\Keil\LPC1700_DFP\2.6.0\RTE_Driver\GPDMA_LPC17xx.c 0x00000000   Number         0  gpdma_lpc17xx.o ABSOLUTE
    C:\Users\ECBME\AppData\Local\Arm\Packs\Keil\LPC1700_DFP\2.6.0\RTE_Driver\GPIO_LPC17xx.c 0x00000000   Number         0  gpio_lpc17xx.o ABSOLUTE
    C:\Users\ECBME\AppData\Local\Arm\Packs\Keil\LPC1700_DFP\2.6.0\RTE_Driver\PIN_LPC17xx.c 0x00000000   Number         0  pin_lpc17xx.o ABSOLUTE
    C:\\Users\\ECBME\\AppData\\Local\\Arm\\Packs\\Keil\\LPC1700_DFP\\2.6.0\\Boards\\Keil\\MCB1700\\Common\\ADC_MCB1700.c 0x00000000   Number         0  adc_mcb1700.o ABSOLUTE
    C:\\Users\\ECBME\\AppData\\Local\\Arm\\Packs\\Keil\\LPC1700_DFP\\2.6.0\\Boards\\Keil\\MCB1700\\Common\\Joystick_MCB1700.c 0x00000000   Number         0  joystick_mcb1700.o ABSOLUTE
    C:\\Users\\ECBME\\AppData\\Local\\Arm\\Packs\\Keil\\LPC1700_DFP\\2.6.0\\Boards\\Keil\\MCB1700\\Common\\LED_MCB1700.c 0x00000000   Number         0  led_mcb1700.o ABSOLUTE
    C:\\Users\\ECBME\\AppData\\Local\\Arm\\Packs\\Keil\\LPC1700_DFP\\2.6.0\\RTE_Driver\\GPDMA_LPC17xx.c 0x00000000   Number         0  gpdma_lpc17xx.o ABSOLUTE
    C:\\Users\\ECBME\\AppData\\Local\\Arm\\Packs\\Keil\\LPC1700_DFP\\2.6.0\\RTE_Driver\\GPIO_LPC17xx.c 0x00000000   Number         0  gpio_lpc17xx.o ABSOLUTE
    C:\\Users\\ECBME\\AppData\\Local\\Arm\\Packs\\Keil\\LPC1700_DFP\\2.6.0\\RTE_Driver\\PIN_LPC17xx.c 0x00000000   Number         0  pin_lpc17xx.o ABSOLUTE
    GLCD_SPI_LPC1700.c                       0x00000000   Number         0  glcd_spi_lpc1700.o ABSOLUTE
    GLCD_SPI_LPC1700.c                       0x00000000   Number         0  glcd_spi_lpc1700.o ABSOLUTE
    Game.c                                   0x00000000   Number         0  game.o ABSOLUTE
    MP3_Player.c                             0x00000000   Number         0  mp3_player.o ABSOLUTE
    Main_Menu.c                              0x00000000   Number         0  main_menu.o ABSOLUTE
    PACMAN.c                                 0x00000000   Number         0  pacman.o ABSOLUTE
    PACMAN_OPENWORLD.c                       0x00000000   Number         0  pacman_openworld.o ABSOLUTE
    Photo_Gallery.c                          0x00000000   Number         0  photo_gallery.o ABSOLUTE
    RTE\Device\LPC1768\startup_LPC17xx.s     0x00000000   Number         0  startup_lpc17xx.o ABSOLUTE
    RTE\Device\LPC1768\system_LPC17xx.c      0x00000000   Number         0  system_lpc17xx.o ABSOLUTE
    RTE\\Device\\LPC1768\\system_LPC17xx.c   0x00000000   Number         0  system_lpc17xx.o ABSOLUTE
    adcuser.c                                0x00000000   Number         0  adcuser.o ABSOLUTE
    core_cm3.c                               0x00000000   Number         0  core_cm3.o ABSOLUTE
    dc.s                                     0x00000000   Number         0  dc.o ABSOLUTE
    picture1.c                               0x00000000   Number         0  picture1.o ABSOLUTE
    picture2.c                               0x00000000   Number         0  picture2.o ABSOLUTE
    picture3.c                               0x00000000   Number         0  picture3.o ABSOLUTE
    picture4.c                               0x00000000   Number         0  picture4.o ABSOLUTE
    usbcore.c                                0x00000000   Number         0  usbcore.o ABSOLUTE
    usbdesc.c                                0x00000000   Number         0  usbdesc.o ABSOLUTE
    usbdmain.c                               0x00000000   Number         0  usbdmain.o ABSOLUTE
    usbhw.c                                  0x00000000   Number         0  usbhw.o ABSOLUTE
    usbuser.c                                0x00000000   Number         0  usbuser.o ABSOLUTE
    !!!main                                  0x000000cc   Section        8  __main.o(!!!main)
    !!!scatter                               0x000000d4   Section       52  __scatter.o(!!!scatter)
    !!dczerorl2                              0x00000108   Section       90  __dczerorl2.o(!!dczerorl2)
    !!handler_zi                             0x00000164   Section       28  __scatter_zi.o(!!handler_zi)
    .ARM.Collect$$_printf_percent$$00000000  0x00000180   Section        0  _printf_percent.o(.ARM.Collect$$_printf_percent$$00000000)
    .ARM.Collect$$_printf_percent$$00000009  0x00000180   Section        6  _printf_d.o(.ARM.Collect$$_printf_percent$$00000009)
    .ARM.Collect$$_printf_percent$$00000014  0x00000186   Section        6  _printf_s.o(.ARM.Collect$$_printf_percent$$00000014)
    .ARM.Collect$$_printf_percent$$00000017  0x0000018c   Section        4  _printf_percent_end.o(.ARM.Collect$$_printf_percent$$00000017)
    .ARM.Collect$$libinit$$00000000          0x00000190   Section        2  libinit.o(.ARM.Collect$$libinit$$00000000)
    .ARM.Collect$$libinit$$00000002          0x00000192   Section        0  libinit2.o(.ARM.Collect$$libinit$$00000002)
    .ARM.Collect$$libinit$$00000004          0x00000192   Section        0  libinit2.o(.ARM.Collect$$libinit$$00000004)
    .ARM.Collect$$libinit$$0000000A          0x00000192   Section        0  libinit2.o(.ARM.Collect$$libinit$$0000000A)
    .ARM.Collect$$libinit$$0000000C          0x00000192   Section        0  libinit2.o(.ARM.Collect$$libinit$$0000000C)
    .ARM.Collect$$libinit$$0000000D          0x00000192   Section        4  libinit2.o(.ARM.Collect$$libinit$$0000000D)
    .ARM.Collect$$libinit$$0000000E          0x00000196   Section        0  libinit2.o(.ARM.Collect$$libinit$$0000000E)
    .ARM.Collect$$libinit$$00000011          0x00000196   Section        0  libinit2.o(.ARM.Collect$$libinit$$00000011)
    .ARM.Collect$$libinit$$00000013          0x00000196   Section        0  libinit2.o(.ARM.Collect$$libinit$$00000013)
    .ARM.Collect$$libinit$$00000015          0x00000196   Section        0  libinit2.o(.ARM.Collect$$libinit$$00000015)
    .ARM.Collect$$libinit$$00000017          0x00000196   Section        0  libinit2.o(.ARM.Collect$$libinit$$00000017)
    .ARM.Collect$$libinit$$00000019          0x00000196   Section        0  libinit2.o(.ARM.Collect$$libinit$$00000019)
    .ARM.Collect$$libinit$$0000001B          0x00000196   Section        0  libinit2.o(.ARM.Collect$$libinit$$0000001B)
    .ARM.Collect$$libinit$$0000001D          0x00000196   Section        0  libinit2.o(.ARM.Collect$$libinit$$0000001D)
    .ARM.Collect$$libinit$$0000001F          0x00000196   Section        0  libinit2.o(.ARM.Collect$$libinit$$0000001F)
    .ARM.Collect$$libinit$$00000021          0x00000196   Section        0  libinit2.o(.ARM.Collect$$libinit$$00000021)
    .ARM.Collect$$libinit$$00000023          0x00000196   Section        0  libinit2.o(.ARM.Collect$$libinit$$00000023)
    .ARM.Collect$$libinit$$00000025          0x00000196   Section        0  libinit2.o(.ARM.Collect$$libinit$$00000025)
    .ARM.Collect$$libinit$$0000002C          0x00000196   Section        0  libinit2.o(.ARM.Collect$$libinit$$0000002C)
    .ARM.Collect$$libinit$$0000002E          0x00000196   Section        0  libinit2.o(.ARM.Collect$$libinit$$0000002E)
    .ARM.Collect$$libinit$$00000030          0x00000196   Section        0  libinit2.o(.ARM.Collect$$libinit$$00000030)
    .ARM.Collect$$libinit$$00000032          0x00000196   Section        0  libinit2.o(.ARM.Collect$$libinit$$00000032)
    .ARM.Collect$$libinit$$00000033          0x00000196   Section        2  libinit2.o(.ARM.Collect$$libinit$$00000033)
    .ARM.Collect$$libshutdown$$00000000      0x00000198   Section        2  libshutdown.o(.ARM.Collect$$libshutdown$$00000000)
    .ARM.Collect$$libshutdown$$00000002      0x0000019a   Section        0  libshutdown2.o(.ARM.Collect$$libshutdown$$00000002)
    .ARM.Collect$$libshutdown$$00000004      0x0000019a   Section        0  libshutdown2.o(.ARM.Collect$$libshutdown$$00000004)
    .ARM.Collect$$libshutdown$$00000007      0x0000019a   Section        0  libshutdown2.o(.ARM.Collect$$libshutdown$$00000007)
    .ARM.Collect$$libshutdown$$0000000A      0x0000019a   Section        0  libshutdown2.o(.ARM.Collect$$libshutdown$$0000000A)
    .ARM.Collect$$libshutdown$$0000000C      0x0000019a   Section        0  libshutdown2.o(.ARM.Collect$$libshutdown$$0000000C)
    .ARM.Collect$$libshutdown$$0000000F      0x0000019a   Section        0  libshutdown2.o(.ARM.Collect$$libshutdown$$0000000F)
    .ARM.Collect$$libshutdown$$00000010      0x0000019a   Section        2  libshutdown2.o(.ARM.Collect$$libshutdown$$00000010)
    .ARM.Collect$$rtentry$$00000000          0x0000019c   Section        0  __rtentry.o(.ARM.Collect$$rtentry$$00000000)
    .ARM.Collect$$rtentry$$00000002          0x0000019c   Section        0  __rtentry2.o(.ARM.Collect$$rtentry$$00000002)
    .ARM.Collect$$rtentry$$00000004          0x0000019c   Section        6  __rtentry4.o(.ARM.Collect$$rtentry$$00000004)
    .ARM.Collect$$rtentry$$00000009          0x000001a2   Section        0  __rtentry2.o(.ARM.Collect$$rtentry$$00000009)
    .ARM.Collect$$rtentry$$0000000A          0x000001a2   Section        4  __rtentry2.o(.ARM.Collect$$rtentry$$0000000A)
    .ARM.Collect$$rtentry$$0000000C          0x000001a6   Section        0  __rtentry2.o(.ARM.Collect$$rtentry$$0000000C)
    .ARM.Collect$$rtentry$$0000000D          0x000001a6   Section        8  __rtentry2.o(.ARM.Collect$$rtentry$$0000000D)
    .ARM.Collect$$rtexit$$00000000           0x000001ae   Section        2  rtexit.o(.ARM.Collect$$rtexit$$00000000)
    .ARM.Collect$$rtexit$$00000002           0x000001b0   Section        0  rtexit2.o(.ARM.Collect$$rtexit$$00000002)
    .ARM.Collect$$rtexit$$00000003           0x000001b0   Section        4  rtexit2.o(.ARM.Collect$$rtexit$$00000003)
    .ARM.Collect$$rtexit$$00000004           0x000001b4   Section        6  rtexit2.o(.ARM.Collect$$rtexit$$00000004)
    .emb_text                                0x000001bc   Section       52  rand.o(.emb_text)
    .text                                    0x000001f0   Section       60  startup_lpc17xx.o(.text)
    .text                                    0x0000022c   Section        0  noretval__2sprintf.o(.text)
    .text                                    0x00000254   Section        0  __printf.o(.text)
    .text                                    0x000002bc   Section        0  rand.o(.text)
    .text                                    0x000002f8   Section        2  use_no_semi.o(.text)
    .text                                    0x000002fa   Section        0  indicate_semi.o(.text)
    i.USB_DirCtrlEP                          0x000002fa   Section        0  usbhw.o(i.USB_DirCtrlEP)
    .ARM.__at_0x02FC                         0x000002fc   Section        4  startup_lpc17xx.o(.ARM.__at_0x02FC)
    .text                                    0x00000300   Section      238  lludivv7m.o(.text)
    .text                                    0x000003ee   Section        0  _printf_str.o(.text)
    .text                                    0x00000440   Section        0  _printf_dec.o(.text)
    .text                                    0x000004b8   Section        0  heapauxi.o(.text)
    .text                                    0x000004be   Section        0  _printf_intcommon.o(.text)
    .text                                    0x00000570   Section        0  _printf_char_common.o(.text)
    _printf_input_char                       0x00000571   Thumb Code    10  _printf_char_common.o(.text)
    .text                                    0x000005a0   Section        0  _sputc.o(.text)
    .text                                    0x000005aa   Section        0  _printf_char.o(.text)
    .text                                    0x000005d6   Section       74  sys_stackheap_outer.o(.text)
    .text                                    0x00000620   Section        0  exit.o(.text)
    .text                                    0x00000634   Section        8  libspace.o(.text)
    .text                                    0x0000063c   Section        0  sys_exit.o(.text)
    i.ADC_EP_GetRequest                      0x00000648   Section        0  adcuser.o(i.ADC_EP_GetRequest)
    i.ADC_EP_SetRequest                      0x0000064c   Section        0  adcuser.o(i.ADC_EP_SetRequest)
    i.ADC_IF_GetRequest                      0x00000650   Section        0  adcuser.o(i.ADC_IF_GetRequest)
    i.ADC_IF_SetRequest                      0x000006e0   Section        0  adcuser.o(i.ADC_IF_SetRequest)
    i.ADC_IRQHandler                         0x00000740   Section        0  adc_mcb1700.o(i.ADC_IRQHandler)
    i.Clear_Channel_active_flag              0x00000768   Section        0  gpdma_lpc17xx.o(i.Clear_Channel_active_flag)
    Clear_Channel_active_flag                0x00000769   Thumb Code    28  gpdma_lpc17xx.o(i.Clear_Channel_active_flag)
    i.DMA_IRQHandler                         0x00000788   Section        0  gpdma_lpc17xx.o(i.DMA_IRQHandler)
    i.DrawBlock                              0x00000908   Section        0  pacman.o(i.DrawBlock)
    i.DrawBlock_OP                           0x0000093e   Section        0  pacman_openworld.o(i.DrawBlock_OP)
    i.DrawDot                                0x00000974   Section        0  pacman.o(i.DrawDot)
    i.DrawDot_OP                             0x000009a4   Section        0  pacman_openworld.o(i.DrawDot_OP)
    i.DrawGhost                              0x000009d4   Section        0  pacman.o(i.DrawGhost)
    i.DrawGhost_OP                           0x00000a00   Section        0  pacman_openworld.o(i.DrawGhost_OP)
    i.DrawPacman                             0x00000a2c   Section        0  pacman.o(i.DrawPacman)
    i.DrawPacman_OP                          0x00000a58   Section        0  pacman_openworld.o(i.DrawPacman_OP)
    i.EPAdr                                  0x00000a84   Section        0  usbhw.o(i.EPAdr)
    i.GLCD_Bitmap                            0x00000a94   Section        0  glcd_spi_lpc1700.o(i.GLCD_Bitmap)
    i.GLCD_Clear                             0x00000ae6   Section        0  glcd_spi_lpc1700.o(i.GLCD_Clear)
    i.GLCD_ClearLn                           0x00000b10   Section        0  glcd_spi_lpc1700.o(i.GLCD_ClearLn)
    i.GLCD_DisplayChar                       0x00000b70   Section        0  glcd_spi_lpc1700.o(i.GLCD_DisplayChar)
    i.GLCD_DisplayString                     0x00000bcc   Section        0  glcd_spi_lpc1700.o(i.GLCD_DisplayString)
    i.GLCD_DrawChar                          0x00000bf4   Section        0  glcd_spi_lpc1700.o(i.GLCD_DrawChar)
    i.GLCD_Init                              0x00000c90   Section        0  glcd_spi_lpc1700.o(i.GLCD_Init)
    i.GLCD_PutPixel                          0x00001278   Section        0  glcd_spi_lpc1700.o(i.GLCD_PutPixel)
    i.GLCD_SetBackColor                      0x000012f8   Section        0  glcd_spi_lpc1700.o(i.GLCD_SetBackColor)
    i.GLCD_SetTextColor                      0x00001304   Section        0  glcd_spi_lpc1700.o(i.GLCD_SetTextColor)
    i.GLCD_SetWindow                         0x00001310   Section        0  glcd_spi_lpc1700.o(i.GLCD_SetWindow)
    i.GLCD_WindowMax                         0x000013bc   Section        0  glcd_spi_lpc1700.o(i.GLCD_WindowMax)
    i.GPIO_PinRead                           0x000013d0   Section        0  gpio_lpc17xx.o(i.GPIO_PinRead)
    i.GPIO_PinWrite                          0x000013f0   Section        0  gpio_lpc17xx.o(i.GPIO_PinWrite)
    i.GPIO_PortClock                         0x00001418   Section        0  gpio_lpc17xx.o(i.GPIO_PortClock)
    i.GPIO_SetDir                            0x00001444   Section        0  gpio_lpc17xx.o(i.GPIO_SetDir)
    i.Game_End_Screen                        0x0000147c   Section        0  pacman.o(i.Game_End_Screen)
    i.Game_End_Screen_OP                     0x00001678   Section        0  pacman_openworld.o(i.Game_End_Screen_OP)
    i.Game_Select                            0x00001874   Section        0  game.o(i.Game_Select)
    i.Ghost_Move                             0x00001a78   Section        0  pacman.o(i.Ghost_Move)
    i.Ghost_Move_OP                          0x00001c14   Section        0  pacman_openworld.o(i.Ghost_Move_OP)
    i.Joystick_GetState                      0x00001db0   Section        0  joystick_mcb1700.o(i.Joystick_GetState)
    i.Joystick_Initialize                    0x00001e0c   Section        0  joystick_mcb1700.o(i.Joystick_Initialize)
    i.LED_Initialize                         0x00001e54   Section        0  led_mcb1700.o(i.LED_Initialize)
    i.LED_Off                                0x00001eb0   Section        0  led_mcb1700.o(i.LED_Off)
    i.LED_On                                 0x00001edc   Section        0  led_mcb1700.o(i.LED_On)
    i.LED_SetOut                             0x00001f08   Section        0  led_mcb1700.o(i.LED_SetOut)
    i.MP3_Init                               0x00001f30   Section        0  usbdmain.o(i.MP3_Init)
    i.MP3_Player                             0x00002004   Section        0  mp3_player.o(i.MP3_Player)
    i.Main_Menu                              0x000020b0   Section        0  main_menu.o(i.Main_Menu)
    i.PIN_Configure                          0x000022f8   Section        0  pin_lpc17xx.o(i.PIN_Configure)
    i.Pacman_DrawMaze                        0x000023f4   Section        0  pacman.o(i.Pacman_DrawMaze)
    i.Pacman_DrawMaze_OP                     0x00002474   Section        0  pacman_openworld.o(i.Pacman_DrawMaze_OP)
    i.Pacman_Init                            0x000024f4   Section        0  pacman.o(i.Pacman_Init)
    i.Pacman_Init_OP                         0x0000254c   Section        0  pacman_openworld.o(i.Pacman_Init_OP)
    i.Pacman_MovePlayer                      0x000025a4   Section        0  pacman.o(i.Pacman_MovePlayer)
    i.Pacman_MovePlayer_OP                   0x0000263c   Section        0  pacman_openworld.o(i.Pacman_MovePlayer_OP)
    i.Photo_Gallery                          0x000026d4   Section        0  photo_gallery.o(i.Photo_Gallery)
    i.RdCmdDat                               0x000029b0   Section        0  usbhw.o(i.RdCmdDat)
    i.Reset_Pacman                           0x000029e0   Section        0  pacman.o(i.Reset_Pacman)
    i.Reset_Pacman_OpenWorld                 0x00002a44   Section        0  pacman_openworld.o(i.Reset_Pacman_OpenWorld)
    i.Run_Pacman                             0x00002aa8   Section        0  pacman.o(i.Run_Pacman)
    i.Run_Pacman_OpenWorld                   0x00002b94   Section        0  pacman_openworld.o(i.Run_Pacman_OpenWorld)
    i.Scroll_Through_Gallery                 0x00002c80   Section        0  photo_gallery.o(i.Scroll_Through_Gallery)
    i.SystemCoreClockUpdate                  0x00002e00   Section        0  system_lpc17xx.o(i.SystemCoreClockUpdate)
    i.SystemInit                             0x00002fa8   Section        0  system_lpc17xx.o(i.SystemInit)
    i.TIMER0_IRQHandler                      0x000030e8   Section        0  usbdmain.o(i.TIMER0_IRQHandler)
    i.USB_ClrStallEP                         0x0000320c   Section        0  usbhw.o(i.USB_ClrStallEP)
    i.USB_ConfigEP                           0x0000322c   Section        0  usbhw.o(i.USB_ConfigEP)
    i.USB_Configure                          0x00003278   Section        0  usbhw.o(i.USB_Configure)
    i.USB_Connect                            0x000032bc   Section        0  usbhw.o(i.USB_Connect)
    i.USB_DMA_BufAdr                         0x000032dc   Section        0  usbhw.o(i.USB_DMA_BufAdr)
    i.USB_DMA_Enable                         0x00003300   Section        0  usbhw.o(i.USB_DMA_Enable)
    i.USB_DMA_Setup                          0x00003318   Section        0  usbhw.o(i.USB_DMA_Setup)
    i.USB_DataInStage                        0x00003424   Section        0  usbcore.o(i.USB_DataInStage)
    i.USB_DataOutStage                       0x0000345c   Section        0  usbcore.o(i.USB_DataOutStage)
    i.USB_DisableEP                          0x00003484   Section        0  usbhw.o(i.USB_DisableEP)
    i.USB_EnableEP                           0x000034a8   Section        0  usbhw.o(i.USB_EnableEP)
    i.USB_EndPoint0                          0x000034c8   Section        0  usbcore.o(i.USB_EndPoint0)
    i.USB_EndPoint3                          0x000037f8   Section        0  usbuser.o(i.USB_EndPoint3)
    i.USB_IRQHandler                         0x000038b0   Section        0  usbhw.o(i.USB_IRQHandler)
    i.USB_Init                               0x00003acc   Section        0  usbhw.o(i.USB_Init)
    i.USB_ReadEP                             0x00003b6c   Section        0  usbhw.o(i.USB_ReadEP)
    i.USB_ReqGetDescriptor                   0x00003bd8   Section        0  usbcore.o(i.USB_ReqGetDescriptor)
    i.USB_ReqGetStatus                       0x00003c90   Section        0  usbcore.o(i.USB_ReqGetStatus)
    i.USB_ReqSetClrFeature                   0x00003d50   Section        0  usbcore.o(i.USB_ReqSetClrFeature)
    i.USB_ReqSetConfiguration                0x00003e3c   Section        0  usbcore.o(i.USB_ReqSetConfiguration)
    i.USB_ReqSetInterface                    0x00003ff4   Section        0  usbcore.o(i.USB_ReqSetInterface)
    i.USB_Reset                              0x00004124   Section        0  usbhw.o(i.USB_Reset)
    i.USB_ResetCore                          0x000041e8   Section        0  usbcore.o(i.USB_ResetCore)
    i.USB_ResetEP                            0x00004224   Section        0  usbhw.o(i.USB_ResetEP)
    i.USB_Reset_Event                        0x00004244   Section        0  usbuser.o(i.USB_Reset_Event)
    i.USB_Resume                             0x0000424c   Section        0  usbhw.o(i.USB_Resume)
    i.USB_SOF_Event                          0x0000424e   Section        0  usbuser.o(i.USB_SOF_Event)
    i.USB_SetAddress                         0x00004250   Section        0  usbhw.o(i.USB_SetAddress)
    i.USB_SetStallEP                         0x00004280   Section        0  usbhw.o(i.USB_SetStallEP)
    i.USB_SetupStage                         0x000042a4   Section        0  usbcore.o(i.USB_SetupStage)
    i.USB_StatusInStage                      0x000042b4   Section        0  usbcore.o(i.USB_StatusInStage)
    i.USB_StatusOutStage                     0x000042c4   Section        0  usbcore.o(i.USB_StatusOutStage)
    i.USB_Suspend                            0x000042d4   Section        0  usbhw.o(i.USB_Suspend)
    i.USB_WakeUpCfg                          0x000042d6   Section        0  usbhw.o(i.USB_WakeUpCfg)
    i.USB_WriteEP                            0x000042d8   Section        0  usbhw.o(i.USB_WriteEP)
    i.WrCmd                                  0x0000432c   Section        0  usbhw.o(i.WrCmd)
    i.WrCmdDat                               0x00004354   Section        0  usbhw.o(i.WrCmdDat)
    i.WrCmdEP                                0x00004398   Section        0  usbhw.o(i.WrCmdEP)
    i.delay                                  0x000043f0   Section        0  glcd_spi_lpc1700.o(i.delay)
    delay                                    0x000043f1   Thumb Code    14  glcd_spi_lpc1700.o(i.delay)
    i.delay                                  0x00004400   Section        0  pacman.o(i.delay)
    i.delay_OP                               0x00004414   Section        0  pacman_openworld.o(i.delay_OP)
    i.get_potval                             0x00004428   Section        0  usbdmain.o(i.get_potval)
    i.main                                   0x0000446c   Section        0  main_menu.o(i.main)
    i.rd_id_man                              0x00004478   Section        0  glcd_spi_lpc1700.o(i.rd_id_man)
    rd_id_man                                0x00004479   Thumb Code   132  glcd_spi_lpc1700.o(i.rd_id_man)
    i.rd_reg                                 0x00004504   Section        0  glcd_spi_lpc1700.o(i.rd_reg)
    rd_reg                                   0x00004505   Thumb Code    66  glcd_spi_lpc1700.o(i.rd_reg)
    i.redrawTile                             0x0000454c   Section        0  pacman.o(i.redrawTile)
    i.redrawTile_OP                          0x000045cc   Section        0  pacman_openworld.o(i.redrawTile_OP)
    i.spi_tran                               0x0000464c   Section        0  glcd_spi_lpc1700.o(i.spi_tran)
    spi_tran                                 0x0000464d   Thumb Code    28  glcd_spi_lpc1700.o(i.spi_tran)
    i.spi_tran_man                           0x0000466c   Section        0  glcd_spi_lpc1700.o(i.spi_tran_man)
    spi_tran_man                             0x0000466d   Thumb Code   124  glcd_spi_lpc1700.o(i.spi_tran_man)
    i.wr_cmd                                 0x000046ec   Section        0  glcd_spi_lpc1700.o(i.wr_cmd)
    wr_cmd                                   0x000046ed   Thumb Code    36  glcd_spi_lpc1700.o(i.wr_cmd)
    i.wr_dat                                 0x00004714   Section        0  glcd_spi_lpc1700.o(i.wr_dat)
    wr_dat                                   0x00004715   Thumb Code    36  glcd_spi_lpc1700.o(i.wr_dat)
    i.wr_dat_only                            0x0000473c   Section        0  glcd_spi_lpc1700.o(i.wr_dat_only)
    wr_dat_only                              0x0000473d   Thumb Code    18  glcd_spi_lpc1700.o(i.wr_dat_only)
    i.wr_dat_start                           0x00004750   Section        0  glcd_spi_lpc1700.o(i.wr_dat_start)
    wr_dat_start                             0x00004751   Thumb Code    16  glcd_spi_lpc1700.o(i.wr_dat_start)
    i.wr_dat_stop                            0x00004764   Section        0  glcd_spi_lpc1700.o(i.wr_dat_stop)
    wr_dat_stop                              0x00004765   Thumb Code     8  glcd_spi_lpc1700.o(i.wr_dat_stop)
    i.wr_reg                                 0x00004770   Section        0  glcd_spi_lpc1700.o(i.wr_reg)
    wr_reg                                   0x00004771   Thumb Code    20  glcd_spi_lpc1700.o(i.wr_reg)
    .constdata                               0x00004784   Section     6272  glcd_spi_lpc1700.o(.constdata)
    .constdata                               0x00006004   Section    493444  photo_gallery.o(.constdata)
    PIC1_pixel_data                          0x00006004   Data       136321  photo_gallery.o(.constdata)
    SKYRIM_pixel_data                        0x00027485   Data       128001  photo_gallery.o(.constdata)
    PIC3_pixel_data                          0x00046886   Data       113921  photo_gallery.o(.constdata)
    PIC4_pixel_data                          0x00062587   Data       115201  photo_gallery.o(.constdata)
    .constdata                               0x0007e788   Section      228  usbdesc.o(.constdata)
    .constdata                               0x0007e86c   Section       16  usbhw.o(.constdata)
    .constdata                               0x0007e87c   Section       64  usbuser.o(.constdata)
    .constdata                               0x0007e8bc   Section       10  joystick_mcb1700.o(.constdata)
    JOYSTICK_PIN                             0x0007e8bc   Data          10  joystick_mcb1700.o(.constdata)
    .constdata                               0x0007e8c6   Section       16  led_mcb1700.o(.constdata)
    LED_PIN                                  0x0007e8c6   Data          16  led_mcb1700.o(.constdata)
    .data                                    0x10000000   Section        5  glcd_spi_lpc1700.o(.data)
    Color                                    0x10000000   Data           4  glcd_spi_lpc1700.o(.data)
    Himax                                    0x10000004   Data           1  glcd_spi_lpc1700.o(.data)
    .data                                    0x10000008   Section     6148  pacman.o(.data)
    .data                                    0x1000180c   Section     6148  pacman_openworld.o(.data)
    .data                                    0x10003010   Section        2  adcuser.o(.data)
    .data                                    0x10003014   Section       40  usbcore.o(.data)
    .data                                    0x1000303c   Section       32  usbdmain.o(.data)
    .data                                    0x1000305c   Section        8  usbhw.o(.data)
    .data                                    0x10003064   Section        3  adc_mcb1700.o(.data)
    AD_last                                  0x10003064   Data           2  adc_mcb1700.o(.data)
    AD_done                                  0x10003066   Data           1  adc_mcb1700.o(.data)
    .data                                    0x10003068   Section        8  gpdma_lpc17xx.o(.data)
    Channel_active                           0x10003068   Data           4  gpdma_lpc17xx.o(.data)
    Init_cnt                                 0x1000306c   Data           4  gpdma_lpc17xx.o(.data)
    .data                                    0x10003070   Section        4  system_lpc17xx.o(.data)
    .bss                                     0x10003074   Section       68  pacman.o(.bss)
    .bss                                     0x100030b8   Section       68  pacman_openworld.o(.bss)
    .bss                                     0x100030fc   Section       64  usbcore.o(.bss)
    .bss                                     0x1000313c   Section      128  usbhw.o(.bss)
    .bss                                     0x100031bc   Section      160  gpdma_lpc17xx.o(.bss)
    Channel_info                             0x100031bc   Data         160  gpdma_lpc17xx.o(.bss)
    .bss                                     0x1000325c   Section      228  rand.o(.bss)
    .bss                                     0x10003340   Section       96  libspace.o(.bss)
    HEAP                                     0x100033a0   Section        0  startup_lpc17xx.o(HEAP)
    STACK                                    0x100033a0   Section      512  startup_lpc17xx.o(STACK)
    Heap_Mem                                 0x100033a0   Data           0  startup_lpc17xx.o(HEAP)
    Stack_Mem                                0x100033a0   Data         512  startup_lpc17xx.o(STACK)
    __initial_sp                             0x100035a0   Data           0  startup_lpc17xx.o(STACK)
    USB_RAM                                  0x20080000   Section      544  usbhw.o(USB_RAM)

    Global Symbols

    Symbol Name                              Value     Ov Type        Size  Object(Section)

    BuildAttributes$$THM_ISAv4$P$D$K$B$S$PE$A:L22UL41UL21$X:L11$S22US41US21$IEEE1$IW$USESV6$~STKCKD$USESV7$~SHL$OSPACE$ROPI$EBA8$UX$STANDARDLIB$REQ8$PRES8$EABIv2 0x00000000   Number         0  anon$$obj.o ABSOLUTE
    __ARM_use_no_argv                        0x00000000   Number         0  main_menu.o ABSOLUTE
    __Vectors                                0x00000000   Data           4  startup_lpc17xx.o(RESET)
    __ARM_exceptions_init                     - Undefined Weak Reference
    __alloca_initialize                       - Undefined Weak Reference
    __arm_preinit_                            - Undefined Weak Reference
    __cpp_initialize__aeabi_                  - Undefined Weak Reference
    __cxa_finalize                            - Undefined Weak Reference
    __rt_locale                               - Undefined Weak Reference
    __sigvec_lookup                           - Undefined Weak Reference
    _atexit_init                              - Undefined Weak Reference
    _call_atexit_fns                          - Undefined Weak Reference
    _clock_init                               - Undefined Weak Reference
    _fp_trap_init                             - Undefined Weak Reference
    _fp_trap_shutdown                         - Undefined Weak Reference
    _get_lc_collate                           - Undefined Weak Reference
    _get_lc_ctype                             - Undefined Weak Reference
    _get_lc_monetary                          - Undefined Weak Reference
    _get_lc_numeric                           - Undefined Weak Reference
    _get_lc_time                              - Undefined Weak Reference
    _getenv_init                              - Undefined Weak Reference
    _handle_redirection                       - Undefined Weak Reference
    _init_alloc                               - Undefined Weak Reference
    _init_user_alloc                          - Undefined Weak Reference
    _initio                                   - Undefined Weak Reference
    _printf_mbtowc                            - Undefined Weak Reference
    _printf_post_padding                      - Undefined Weak Reference
    _printf_pre_padding                       - Undefined Weak Reference
    _printf_truncate_signed                   - Undefined Weak Reference
    _printf_truncate_unsigned                 - Undefined Weak Reference
    _signal_finish                            - Undefined Weak Reference
    _signal_init                              - Undefined Weak Reference
    _terminate_alloc                          - Undefined Weak Reference
    _terminate_user_alloc                     - Undefined Weak Reference
    _terminateio                              - Undefined Weak Reference
    __main                                   0x000000cd   Thumb Code     8  __main.o(!!!main)
    __scatterload                            0x000000d5   Thumb Code     0  __scatter.o(!!!scatter)
    __scatterload_rt2                        0x000000d5   Thumb Code    44  __scatter.o(!!!scatter)
    __scatterload_rt2_thumb_only             0x000000d5   Thumb Code     0  __scatter.o(!!!scatter)
    __scatterload_null                       0x000000e3   Thumb Code     0  __scatter.o(!!!scatter)
    __decompress                             0x00000109   Thumb Code    90  __dczerorl2.o(!!dczerorl2)
    __decompress1                            0x00000109   Thumb Code     0  __dczerorl2.o(!!dczerorl2)
    __scatterload_zeroinit                   0x00000165   Thumb Code    28  __scatter_zi.o(!!handler_zi)
    _printf_d                                0x00000181   Thumb Code     0  _printf_d.o(.ARM.Collect$$_printf_percent$$00000009)
    _printf_percent                          0x00000181   Thumb Code     0  _printf_percent.o(.ARM.Collect$$_printf_percent$$00000000)
    _printf_s                                0x00000187   Thumb Code     0  _printf_s.o(.ARM.Collect$$_printf_percent$$00000014)
    _printf_percent_end                      0x0000018d   Thumb Code     0  _printf_percent_end.o(.ARM.Collect$$_printf_percent$$00000017)
    __rt_lib_init                            0x00000191   Thumb Code     0  libinit.o(.ARM.Collect$$libinit$$00000000)
    __rt_lib_init_fp_1                       0x00000193   Thumb Code     0  libinit2.o(.ARM.Collect$$libinit$$00000002)
    __rt_lib_init_heap_1                     0x00000193   Thumb Code     0  libinit2.o(.ARM.Collect$$libinit$$0000000A)
    __rt_lib_init_preinit_1                  0x00000193   Thumb Code     0  libinit2.o(.ARM.Collect$$libinit$$00000004)
    __rt_lib_init_rand_2                     0x00000193   Thumb Code     0  libinit2.o(.ARM.Collect$$libinit$$0000000D)
    __rt_lib_init_user_alloc_1               0x00000193   Thumb Code     0  libinit2.o(.ARM.Collect$$libinit$$0000000C)
    __rt_lib_init_alloca_1                   0x00000197   Thumb Code     0  libinit2.o(.ARM.Collect$$libinit$$0000002E)
    __rt_lib_init_argv_1                     0x00000197   Thumb Code     0  libinit2.o(.ARM.Collect$$libinit$$0000002C)
    __rt_lib_init_atexit_1                   0x00000197   Thumb Code     0  libinit2.o(.ARM.Collect$$libinit$$0000001B)
    __rt_lib_init_clock_1                    0x00000197   Thumb Code     0  libinit2.o(.ARM.Collect$$libinit$$00000021)
    __rt_lib_init_cpp_1                      0x00000197   Thumb Code     0  libinit2.o(.ARM.Collect$$libinit$$00000032)
    __rt_lib_init_exceptions_1               0x00000197   Thumb Code     0  libinit2.o(.ARM.Collect$$libinit$$00000030)
    __rt_lib_init_fp_trap_1                  0x00000197   Thumb Code     0  libinit2.o(.ARM.Collect$$libinit$$0000001F)
    __rt_lib_init_getenv_1                   0x00000197   Thumb Code     0  libinit2.o(.ARM.Collect$$libinit$$00000023)
    __rt_lib_init_lc_collate_1               0x00000197   Thumb Code     0  libinit2.o(.ARM.Collect$$libinit$$00000011)
    __rt_lib_init_lc_ctype_1                 0x00000197   Thumb Code     0  libinit2.o(.ARM.Collect$$libinit$$00000013)
    __rt_lib_init_lc_monetary_1              0x00000197   Thumb Code     0  libinit2.o(.ARM.Collect$$libinit$$00000015)
    __rt_lib_init_lc_numeric_1               0x00000197   Thumb Code     0  libinit2.o(.ARM.Collect$$libinit$$00000017)
    __rt_lib_init_lc_time_1                  0x00000197   Thumb Code     0  libinit2.o(.ARM.Collect$$libinit$$00000019)
    __rt_lib_init_rand_1                     0x00000197   Thumb Code     0  libinit2.o(.ARM.Collect$$libinit$$0000000E)
    __rt_lib_init_return                     0x00000197   Thumb Code     0  libinit2.o(.ARM.Collect$$libinit$$00000033)
    __rt_lib_init_signal_1                   0x00000197   Thumb Code     0  libinit2.o(.ARM.Collect$$libinit$$0000001D)
    __rt_lib_init_stdio_1                    0x00000197   Thumb Code     0  libinit2.o(.ARM.Collect$$libinit$$00000025)
    __rt_lib_shutdown                        0x00000199   Thumb Code     0  libshutdown.o(.ARM.Collect$$libshutdown$$00000000)
    __rt_lib_shutdown_cpp_1                  0x0000019b   Thumb Code     0  libshutdown2.o(.ARM.Collect$$libshutdown$$00000002)
    __rt_lib_shutdown_fp_trap_1              0x0000019b   Thumb Code     0  libshutdown2.o(.ARM.Collect$$libshutdown$$00000007)
    __rt_lib_shutdown_heap_1                 0x0000019b   Thumb Code     0  libshutdown2.o(.ARM.Collect$$libshutdown$$0000000F)
    __rt_lib_shutdown_return                 0x0000019b   Thumb Code     0  libshutdown2.o(.ARM.Collect$$libshutdown$$00000010)
    __rt_lib_shutdown_signal_1               0x0000019b   Thumb Code     0  libshutdown2.o(.ARM.Collect$$libshutdown$$0000000A)
    __rt_lib_shutdown_stdio_1                0x0000019b   Thumb Code     0  libshutdown2.o(.ARM.Collect$$libshutdown$$00000004)
    __rt_lib_shutdown_user_alloc_1           0x0000019b   Thumb Code     0  libshutdown2.o(.ARM.Collect$$libshutdown$$0000000C)
    __rt_entry                               0x0000019d   Thumb Code     0  __rtentry.o(.ARM.Collect$$rtentry$$00000000)
    __rt_entry_presh_1                       0x0000019d   Thumb Code     0  __rtentry2.o(.ARM.Collect$$rtentry$$00000002)
    __rt_entry_sh                            0x0000019d   Thumb Code     0  __rtentry4.o(.ARM.Collect$$rtentry$$00000004)
    __rt_entry_li                            0x000001a3   Thumb Code     0  __rtentry2.o(.ARM.Collect$$rtentry$$0000000A)
    __rt_entry_postsh_1                      0x000001a3   Thumb Code     0  __rtentry2.o(.ARM.Collect$$rtentry$$00000009)
    __rt_entry_main                          0x000001a7   Thumb Code     0  __rtentry2.o(.ARM.Collect$$rtentry$$0000000D)
    __rt_entry_postli_1                      0x000001a7   Thumb Code     0  __rtentry2.o(.ARM.Collect$$rtentry$$0000000C)
    __rt_exit                                0x000001af   Thumb Code     0  rtexit.o(.ARM.Collect$$rtexit$$00000000)
    __rt_exit_ls                             0x000001b1   Thumb Code     0  rtexit2.o(.ARM.Collect$$rtexit$$00000003)
    __rt_exit_prels_1                        0x000001b1   Thumb Code     0  rtexit2.o(.ARM.Collect$$rtexit$$00000002)
    __rt_exit_exit                           0x000001b5   Thumb Code     0  rtexit2.o(.ARM.Collect$$rtexit$$00000004)
    rand                                     0x000001bd   Thumb Code    48  rand.o(.emb_text)
    Reset_Handler                            0x000001f1   Thumb Code     8  startup_lpc17xx.o(.text)
    NMI_Handler                              0x000001f9   Thumb Code     2  startup_lpc17xx.o(.text)
    HardFault_Handler                        0x000001fb   Thumb Code     2  startup_lpc17xx.o(.text)
    MemManage_Handler                        0x000001fd   Thumb Code     2  startup_lpc17xx.o(.text)
    BusFault_Handler                         0x000001ff   Thumb Code     2  startup_lpc17xx.o(.text)
    UsageFault_Handler                       0x00000201   Thumb Code     2  startup_lpc17xx.o(.text)
    SVC_Handler                              0x00000203   Thumb Code     2  startup_lpc17xx.o(.text)
    DebugMon_Handler                         0x00000205   Thumb Code     2  startup_lpc17xx.o(.text)
    PendSV_Handler                           0x00000207   Thumb Code     2  startup_lpc17xx.o(.text)
    SysTick_Handler                          0x00000209   Thumb Code     2  startup_lpc17xx.o(.text)
    BOD_IRQHandler                           0x0000020b   Thumb Code     0  startup_lpc17xx.o(.text)
    CANActivity_IRQHandler                   0x0000020b   Thumb Code     0  startup_lpc17xx.o(.text)
    CAN_IRQHandler                           0x0000020b   Thumb Code     0  startup_lpc17xx.o(.text)
    EINT0_IRQHandler                         0x0000020b   Thumb Code     0  startup_lpc17xx.o(.text)
    EINT1_IRQHandler                         0x0000020b   Thumb Code     0  startup_lpc17xx.o(.text)
    EINT2_IRQHandler                         0x0000020b   Thumb Code     0  startup_lpc17xx.o(.text)
    EINT3_IRQHandler                         0x0000020b   Thumb Code     0  startup_lpc17xx.o(.text)
    ENET_IRQHandler                          0x0000020b   Thumb Code     0  startup_lpc17xx.o(.text)
    I2C0_IRQHandler                          0x0000020b   Thumb Code     0  startup_lpc17xx.o(.text)
    I2C1_IRQHandler                          0x0000020b   Thumb Code     0  startup_lpc17xx.o(.text)
    I2C2_IRQHandler                          0x0000020b   Thumb Code     0  startup_lpc17xx.o(.text)
    I2S_IRQHandler                           0x0000020b   Thumb Code     0  startup_lpc17xx.o(.text)
    MCPWM_IRQHandler                         0x0000020b   Thumb Code     0  startup_lpc17xx.o(.text)
    PLL0_IRQHandler                          0x0000020b   Thumb Code     0  startup_lpc17xx.o(.text)
    PLL1_IRQHandler                          0x0000020b   Thumb Code     0  startup_lpc17xx.o(.text)
    PWM1_IRQHandler                          0x0000020b   Thumb Code     0  startup_lpc17xx.o(.text)
    QEI_IRQHandler                           0x0000020b   Thumb Code     0  startup_lpc17xx.o(.text)
    RIT_IRQHandler                           0x0000020b   Thumb Code     0  startup_lpc17xx.o(.text)
    RTC_IRQHandler                           0x0000020b   Thumb Code     0  startup_lpc17xx.o(.text)
    SPI_IRQHandler                           0x0000020b   Thumb Code     0  startup_lpc17xx.o(.text)
    SSP0_IRQHandler                          0x0000020b   Thumb Code     0  startup_lpc17xx.o(.text)
    SSP1_IRQHandler                          0x0000020b   Thumb Code     0  startup_lpc17xx.o(.text)
    TIMER1_IRQHandler                        0x0000020b   Thumb Code     0  startup_lpc17xx.o(.text)
    TIMER2_IRQHandler                        0x0000020b   Thumb Code     0  startup_lpc17xx.o(.text)
    TIMER3_IRQHandler                        0x0000020b   Thumb Code     0  startup_lpc17xx.o(.text)
    UART0_IRQHandler                         0x0000020b   Thumb Code     0  startup_lpc17xx.o(.text)
    UART1_IRQHandler                         0x0000020b   Thumb Code     0  startup_lpc17xx.o(.text)
    UART2_IRQHandler                         0x0000020b   Thumb Code     0  startup_lpc17xx.o(.text)
    UART3_IRQHandler                         0x0000020b   Thumb Code     0  startup_lpc17xx.o(.text)
    USBActivity_IRQHandler                   0x0000020b   Thumb Code     0  startup_lpc17xx.o(.text)
    WDT_IRQHandler                           0x0000020b   Thumb Code     0  startup_lpc17xx.o(.text)
    __user_initial_stackheap                 0x0000020d   Thumb Code     0  startup_lpc17xx.o(.text)
    __2sprintf                               0x0000022d   Thumb Code    34  noretval__2sprintf.o(.text)
    __printf                                 0x00000255   Thumb Code   104  __printf.o(.text)
    srand                                    0x000002bd   Thumb Code    42  rand.o(.text)
    _rand_init                               0x000002e7   Thumb Code     4  rand.o(.text)
    __I$use$semihosting                      0x000002f9   Thumb Code     0  use_no_semi.o(.text)
    __use_no_semihosting_swi                 0x000002f9   Thumb Code     2  use_no_semi.o(.text)
    USB_DirCtrlEP                            0x000002fb   Thumb Code     2  usbhw.o(i.USB_DirCtrlEP)
    __semihosting_library_function           0x000002fb   Thumb Code     0  indicate_semi.o(.text)
    __aeabi_uldivmod                         0x00000301   Thumb Code     0  lludivv7m.o(.text)
    _ll_udiv                                 0x00000301   Thumb Code   238  lludivv7m.o(.text)
    _printf_str                              0x000003ef   Thumb Code    82  _printf_str.o(.text)
    _printf_int_dec                          0x00000441   Thumb Code   104  _printf_dec.o(.text)
    __use_two_region_memory                  0x000004b9   Thumb Code     2  heapauxi.o(.text)
    __rt_heap_escrow$2region                 0x000004bb   Thumb Code     2  heapauxi.o(.text)
    __rt_heap_expand$2region                 0x000004bd   Thumb Code     2  heapauxi.o(.text)
    _printf_int_common                       0x000004bf   Thumb Code   178  _printf_intcommon.o(.text)
    _printf_char_common                      0x0000057b   Thumb Code    32  _printf_char_common.o(.text)
    _sputc                                   0x000005a1   Thumb Code    10  _sputc.o(.text)
    _printf_cs_common                        0x000005ab   Thumb Code    20  _printf_char.o(.text)
    _printf_char                             0x000005bf   Thumb Code    16  _printf_char.o(.text)
    _printf_string                           0x000005cf   Thumb Code     8  _printf_char.o(.text)
    __user_setup_stackheap                   0x000005d7   Thumb Code    74  sys_stackheap_outer.o(.text)
    exit                                     0x00000621   Thumb Code    18  exit.o(.text)
    __user_libspace                          0x00000635   Thumb Code     8  libspace.o(.text)
    __user_perproc_libspace                  0x00000635   Thumb Code     0  libspace.o(.text)
    __user_perthread_libspace                0x00000635   Thumb Code     0  libspace.o(.text)
    _sys_exit                                0x0000063d   Thumb Code     8  sys_exit.o(.text)
    ADC_EP_GetRequest                        0x00000649   Thumb Code     4  adcuser.o(i.ADC_EP_GetRequest)
    ADC_EP_SetRequest                        0x0000064d   Thumb Code     4  adcuser.o(i.ADC_EP_SetRequest)
    ADC_IF_GetRequest                        0x00000651   Thumb Code   128  adcuser.o(i.ADC_IF_GetRequest)
    ADC_IF_SetRequest                        0x000006e1   Thumb Code    80  adcuser.o(i.ADC_IF_SetRequest)
    ADC_IRQHandler                           0x00000741   Thumb Code    28  adc_mcb1700.o(i.ADC_IRQHandler)
    DMA_IRQHandler                           0x00000789   Thumb Code   372  gpdma_lpc17xx.o(i.DMA_IRQHandler)
    DrawBlock                                0x00000909   Thumb Code    54  pacman.o(i.DrawBlock)
    DrawBlock_OP                             0x0000093f   Thumb Code    54  pacman_openworld.o(i.DrawBlock_OP)
    DrawDot                                  0x00000975   Thumb Code    48  pacman.o(i.DrawDot)
    DrawDot_OP                               0x000009a5   Thumb Code    48  pacman_openworld.o(i.DrawDot_OP)
    DrawGhost                                0x000009d5   Thumb Code    40  pacman.o(i.DrawGhost)
    DrawGhost_OP                             0x00000a01   Thumb Code    40  pacman_openworld.o(i.DrawGhost_OP)
    DrawPacman                               0x00000a2d   Thumb Code    40  pacman.o(i.DrawPacman)
    DrawPacman_OP                            0x00000a59   Thumb Code    40  pacman_openworld.o(i.DrawPacman_OP)
    EPAdr                                    0x00000a85   Thumb Code    16  usbhw.o(i.EPAdr)
    GLCD_Bitmap                              0x00000a95   Thumb Code    82  glcd_spi_lpc1700.o(i.GLCD_Bitmap)
    GLCD_Clear                               0x00000ae7   Thumb Code    42  glcd_spi_lpc1700.o(i.GLCD_Clear)
    GLCD_ClearLn                             0x00000b11   Thumb Code    94  glcd_spi_lpc1700.o(i.GLCD_ClearLn)
    GLCD_DisplayChar                         0x00000b71   Thumb Code    84  glcd_spi_lpc1700.o(i.GLCD_DisplayChar)
    GLCD_DisplayString                       0x00000bcd   Thumb Code    40  glcd_spi_lpc1700.o(i.GLCD_DisplayString)
    GLCD_DrawChar                            0x00000bf5   Thumb Code   150  glcd_spi_lpc1700.o(i.GLCD_DrawChar)
    GLCD_Init                                0x00000c91   Thumb Code  1506  glcd_spi_lpc1700.o(i.GLCD_Init)
    GLCD_PutPixel                            0x00001279   Thumb Code   118  glcd_spi_lpc1700.o(i.GLCD_PutPixel)
    GLCD_SetBackColor                        0x000012f9   Thumb Code     6  glcd_spi_lpc1700.o(i.GLCD_SetBackColor)
    GLCD_SetTextColor                        0x00001305   Thumb Code     6  glcd_spi_lpc1700.o(i.GLCD_SetTextColor)
    GLCD_SetWindow                           0x00001311   Thumb Code   168  glcd_spi_lpc1700.o(i.GLCD_SetWindow)
    GLCD_WindowMax                           0x000013bd   Thumb Code    18  glcd_spi_lpc1700.o(i.GLCD_WindowMax)
    GPIO_PinRead                             0x000013d1   Thumb Code    28  gpio_lpc17xx.o(i.GPIO_PinRead)
    GPIO_PinWrite                            0x000013f1   Thumb Code    36  gpio_lpc17xx.o(i.GPIO_PinWrite)
    GPIO_PortClock                           0x00001419   Thumb Code    38  gpio_lpc17xx.o(i.GPIO_PortClock)
    GPIO_SetDir                              0x00001445   Thumb Code    52  gpio_lpc17xx.o(i.GPIO_SetDir)
    Game_End_Screen                          0x0000147d   Thumb Code   404  pacman.o(i.Game_End_Screen)
    Game_End_Screen_OP                       0x00001679   Thumb Code   404  pacman_openworld.o(i.Game_End_Screen_OP)
    Game_Select                              0x00001875   Thumb Code   392  game.o(i.Game_Select)
    Ghost_Move                               0x00001a79   Thumb Code   400  pacman.o(i.Ghost_Move)
    Ghost_Move_OP                            0x00001c15   Thumb Code   400  pacman_openworld.o(i.Ghost_Move_OP)
    Joystick_GetState                        0x00001db1   Thumb Code    88  joystick_mcb1700.o(i.Joystick_GetState)
    Joystick_Initialize                      0x00001e0d   Thumb Code    68  joystick_mcb1700.o(i.Joystick_Initialize)
    LED_Initialize                           0x00001e55   Thumb Code    88  led_mcb1700.o(i.LED_Initialize)
    LED_Off                                  0x00001eb1   Thumb Code    40  led_mcb1700.o(i.LED_Off)
    LED_On                                   0x00001edd   Thumb Code    40  led_mcb1700.o(i.LED_On)
    LED_SetOut                               0x00001f09   Thumb Code    40  led_mcb1700.o(i.LED_SetOut)
    MP3_Init                                 0x00001f31   Thumb Code   188  usbdmain.o(i.MP3_Init)
    MP3_Player                               0x00002005   Thumb Code   100  mp3_player.o(i.MP3_Player)
    Main_Menu                                0x000020b1   Thumb Code   416  main_menu.o(i.Main_Menu)
    PIN_Configure                            0x000022f9   Thumb Code   246  pin_lpc17xx.o(i.PIN_Configure)
    Pacman_DrawMaze                          0x000023f5   Thumb Code   120  pacman.o(i.Pacman_DrawMaze)
    Pacman_DrawMaze_OP                       0x00002475   Thumb Code   120  pacman_openworld.o(i.Pacman_DrawMaze_OP)
    Pacman_Init                              0x000024f5   Thumb Code    78  pacman.o(i.Pacman_Init)
    Pacman_Init_OP                           0x0000254d   Thumb Code    78  pacman_openworld.o(i.Pacman_Init_OP)
    Pacman_MovePlayer                        0x000025a5   Thumb Code   140  pacman.o(i.Pacman_MovePlayer)
    Pacman_MovePlayer_OP                     0x0000263d   Thumb Code   140  pacman_openworld.o(i.Pacman_MovePlayer_OP)
    Photo_Gallery                            0x000026d5   Thumb Code   518  photo_gallery.o(i.Photo_Gallery)
    RdCmdDat                                 0x000029b1   Thumb Code    38  usbhw.o(i.RdCmdDat)
    Reset_Pacman                             0x000029e1   Thumb Code    92  pacman.o(i.Reset_Pacman)
    Reset_Pacman_OpenWorld                   0x00002a45   Thumb Code    92  pacman_openworld.o(i.Reset_Pacman_OpenWorld)
    Run_Pacman                               0x00002aa9   Thumb Code   200  pacman.o(i.Run_Pacman)
    Run_Pacman_OpenWorld                     0x00002b95   Thumb Code   200  pacman_openworld.o(i.Run_Pacman_OpenWorld)
    Scroll_Through_Gallery                   0x00002c81   Thumb Code   322  photo_gallery.o(i.Scroll_Through_Gallery)
    SystemCoreClockUpdate                    0x00002e01   Thumb Code   408  system_lpc17xx.o(i.SystemCoreClockUpdate)
    SystemInit                               0x00002fa9   Thumb Code   302  system_lpc17xx.o(i.SystemInit)
    TIMER0_IRQHandler                        0x000030e9   Thumb Code   246  usbdmain.o(i.TIMER0_IRQHandler)
    USB_ClrStallEP                           0x0000320d   Thumb Code    26  usbhw.o(i.USB_ClrStallEP)
    USB_ConfigEP                             0x0000322d   Thumb Code    68  usbhw.o(i.USB_ConfigEP)
    USB_Configure                            0x00003279   Thumb Code    60  usbhw.o(i.USB_Configure)
    USB_Connect                              0x000032bd   Thumb Code    28  usbhw.o(i.USB_Connect)
    USB_DMA_BufAdr                           0x000032dd   Thumb Code    30  usbhw.o(i.USB_DMA_BufAdr)
    USB_DMA_Enable                           0x00003301   Thumb Code    20  usbhw.o(i.USB_DMA_Enable)
    USB_DMA_Setup                            0x00003319   Thumb Code   248  usbhw.o(i.USB_DMA_Setup)
    USB_DataInStage                          0x00003425   Thumb Code    52  usbcore.o(i.USB_DataInStage)
    USB_DataOutStage                         0x0000345d   Thumb Code    34  usbcore.o(i.USB_DataOutStage)
    USB_DisableEP                            0x00003485   Thumb Code    26  usbhw.o(i.USB_DisableEP)
    USB_EnableEP                             0x000034a9   Thumb Code    26  usbhw.o(i.USB_EnableEP)
    USB_EndPoint0                            0x000034c9   Thumb Code   786  usbcore.o(i.USB_EndPoint0)
    USB_EndPoint3                            0x000037f9   Thumb Code   164  usbuser.o(i.USB_EndPoint3)
    USB_IRQHandler                           0x000038b1   Thumb Code   518  usbhw.o(i.USB_IRQHandler)
    USB_Init                                 0x00003acd   Thumb Code   138  usbhw.o(i.USB_Init)
    USB_ReadEP                               0x00003b6d   Thumb Code    94  usbhw.o(i.USB_ReadEP)
    USB_ReqGetDescriptor                     0x00003bd9   Thumb Code   164  usbcore.o(i.USB_ReqGetDescriptor)
    USB_ReqGetStatus                         0x00003c91   Thumb Code   160  usbcore.o(i.USB_ReqGetStatus)
    USB_ReqSetClrFeature                     0x00003d51   Thumb Code   210  usbcore.o(i.USB_ReqSetClrFeature)
    USB_ReqSetConfiguration                  0x00003e3d   Thumb Code   402  usbcore.o(i.USB_ReqSetConfiguration)
    USB_ReqSetInterface                      0x00003ff5   Thumb Code   278  usbcore.o(i.USB_ReqSetInterface)
    USB_Reset                                0x00004125   Thumb Code   172  usbhw.o(i.USB_Reset)
    USB_ResetCore                            0x000041e9   Thumb Code    34  usbcore.o(i.USB_ResetCore)
    USB_ResetEP                              0x00004225   Thumb Code    26  usbhw.o(i.USB_ResetEP)
    USB_Reset_Event                          0x00004245   Thumb Code     8  usbuser.o(i.USB_Reset_Event)
    USB_Resume                               0x0000424d   Thumb Code     2  usbhw.o(i.USB_Resume)
    USB_SOF_Event                            0x0000424f   Thumb Code     2  usbuser.o(i.USB_SOF_Event)
    USB_SetAddress                           0x00004251   Thumb Code    42  usbhw.o(i.USB_SetAddress)
    USB_SetStallEP                           0x00004281   Thumb Code    26  usbhw.o(i.USB_SetStallEP)
    USB_SetupStage                           0x000042a5   Thumb Code    12  usbcore.o(i.USB_SetupStage)
    USB_StatusInStage                        0x000042b5   Thumb Code    14  usbcore.o(i.USB_StatusInStage)
    USB_StatusOutStage                       0x000042c5   Thumb Code    12  usbcore.o(i.USB_StatusOutStage)
    USB_Suspend                              0x000042d5   Thumb Code     2  usbhw.o(i.USB_Suspend)
    USB_WakeUpCfg                            0x000042d7   Thumb Code     2  usbhw.o(i.USB_WakeUpCfg)
    USB_WriteEP                              0x000042d9   Thumb Code    70  usbhw.o(i.USB_WriteEP)
    WrCmd                                    0x0000432d   Thumb Code    30  usbhw.o(i.WrCmd)
    WrCmdDat                                 0x00004355   Thumb Code    58  usbhw.o(i.WrCmdDat)
    WrCmdEP                                  0x00004399   Thumb Code    78  usbhw.o(i.WrCmdEP)
    delay                                    0x00004401   Thumb Code    14  pacman.o(i.delay)
    delay_OP                                 0x00004415   Thumb Code    14  pacman_openworld.o(i.delay_OP)
    get_potval                               0x00004429   Thumb Code    58  usbdmain.o(i.get_potval)
    main                                     0x0000446d   Thumb Code    12  main_menu.o(i.main)
    redrawTile                               0x0000454d   Thumb Code   124  pacman.o(i.redrawTile)
    redrawTile_OP                            0x000045cd   Thumb Code   124  pacman_openworld.o(i.redrawTile_OP)
    Font_6x8_h                               0x00004784   Data         896  glcd_spi_lpc1700.o(.constdata)
    Font_16x24_h                             0x00004b04   Data        5376  glcd_spi_lpc1700.o(.constdata)
    USB_DeviceDescriptor                     0x0007e788   Data          18  usbdesc.o(.constdata)
    USB_ConfigDescriptor                     0x0007e79a   Data         110  usbdesc.o(.constdata)
    USB_StringDescriptor                     0x0007e808   Data         100  usbdesc.o(.constdata)
    DDAdr                                    0x0007e86c   Data           8  usbhw.o(.constdata)
    DDSz                                     0x0007e874   Data           8  usbhw.o(.constdata)
    USB_P_EP                                 0x0007e87c   Data          64  usbuser.o(.constdata)
    Region$$Table$$Base                      0x0007e8d8   Number         0  anon$$obj.o(Region$$Table)
    Region$$Table$$Limit                     0x0007e908   Number         0  anon$$obj.o(Region$$Table)
    numOfDots                                0x10000008   Data           4  pacman.o(.data)
    maze                                     0x1000000c   Data        3072  pacman.o(.data)
    mazeOriginal                             0x10000c0c   Data        3072  pacman.o(.data)
    numOfDots_OP                             0x1000180c   Data           4  pacman_openworld.o(.data)
    mazeOP                                   0x10001810   Data        3072  pacman_openworld.o(.data)
    mazeOriginalOP                           0x10002410   Data        3072  pacman_openworld.o(.data)
    VolCur                                   0x10003010   Data           2  adcuser.o(.data)
    USB_DeviceStatus                         0x10003014   Data           2  usbcore.o(.data)
    USB_DeviceAddress                        0x10003016   Data           1  usbcore.o(.data)
    USB_Configuration                        0x10003017   Data           1  usbcore.o(.data)
    USB_EndPointMask                         0x10003018   Data           4  usbcore.o(.data)
    USB_EndPointHalt                         0x1000301c   Data           4  usbcore.o(.data)
    USB_EndPointStall                        0x10003020   Data           4  usbcore.o(.data)
    USB_NumInterfaces                        0x10003024   Data           1  usbcore.o(.data)
    USB_AltSetting                           0x10003025   Data           4  usbcore.o(.data)
    EP0Data                                  0x1000302c   Data           8  usbcore.o(.data)
    SetupPacket                              0x10003034   Data           8  usbcore.o(.data)
    Mute                                     0x1000303c   Data           1  usbdmain.o(.data)
    Volume                                   0x10003040   Data           4  usbdmain.o(.data)
    InfoBuf                                  0x10003044   Data           4  usbdmain.o(.data)
    DataBuf                                  0x10003048   Data           4  usbdmain.o(.data)
    DataOut                                  0x1000304c   Data           2  usbdmain.o(.data)
    DataIn                                   0x1000304e   Data           2  usbdmain.o(.data)
    DataRun                                  0x10003050   Data           1  usbdmain.o(.data)
    PotVal                                   0x10003052   Data           2  usbdmain.o(.data)
    VUM                                      0x10003054   Data           4  usbdmain.o(.data)
    Tick                                     0x10003058   Data           4  usbdmain.o(.data)
    DDMemMap                                 0x1000305c   Data           8  usbhw.o(.data)
    SystemCoreClock                          0x10003070   Data           4  system_lpc17xx.o(.data)
    scoreText                                0x10003074   Data          20  pacman.o(.bss)
    livesText                                0x10003088   Data          20  pacman.o(.bss)
    pac                                      0x1000309c   Data          16  pacman.o(.bss)
    ghost                                    0x100030ac   Data          12  pacman.o(.bss)
    scoreText_OP                             0x100030b8   Data          20  pacman_openworld.o(.bss)
    livesText_OP                             0x100030cc   Data          20  pacman_openworld.o(.bss)
    pac_op                                   0x100030e0   Data          16  pacman_openworld.o(.bss)
    ghost_op                                 0x100030f0   Data          12  pacman_openworld.o(.bss)
    EP0Buf                                   0x100030fc   Data          64  usbcore.o(.bss)
    udca                                     0x1000313c   Data         128  usbhw.o(.bss)
    _random_number_data                      0x1000325c   Data         228  rand.o(.bss)
    __libspace_start                         0x10003340   Data          96  libspace.o(.bss)
    __temporary_stack_top$libspace           0x100033a0   Data           0  libspace.o(.bss)
    UDCA                                     0x20080000   Data         128  usbhw.o(USB_RAM)
    DD_NISO_Mem                              0x20080080   Data         256  usbhw.o(USB_RAM)
    DD_ISO_Mem                               0x20080180   Data         160  usbhw.o(USB_RAM)



==============================================================================

Memory Map of the image

  Image Entry point : 0x000000cd

  Load Region LR_IROM1 (Base: 0x00000000, Size: 0x0008197c, Max: 0x00080000, ABSOLUTE, COMPRESSED[0x0007eb1c])

    Execution Region ER_IROM1 (Exec base: 0x00000000, Load base: 0x00000000, Size: 0x0007e908, Max: 0xffffffff, ABSOLUTE)

    Exec Addr    Load Addr    Size         Type   Attr      Idx    E Section Name        Object

    0x00000000   0x00000000   0x000000cc   Data   RO         1407    RESET               startup_lpc17xx.o
    0x000000cc   0x000000cc   0x00000008   Code   RO         1495  * !!!main             c_w.l(__main.o)
    0x000000d4   0x000000d4   0x00000034   Code   RO         1675    !!!scatter          c_w.l(__scatter.o)
    0x00000108   0x00000108   0x0000005a   Code   RO         1673    !!dczerorl2         c_w.l(__dczerorl2.o)
    0x00000162   0x00000162   0x00000002   PAD
    0x00000164   0x00000164   0x0000001c   Code   RO         1677    !!handler_zi        c_w.l(__scatter_zi.o)
    0x00000180   0x00000180   0x00000000   Code   RO         1487    .ARM.Collect$$_printf_percent$$00000000  c_w.l(_printf_percent.o)
    0x00000180   0x00000180   0x00000006   Code   RO         1486    .ARM.Collect$$_printf_percent$$00000009  c_w.l(_printf_d.o)
    0x00000186   0x00000186   0x00000006   Code   RO         1485    .ARM.Collect$$_printf_percent$$00000014  c_w.l(_printf_s.o)
    0x0000018c   0x0000018c   0x00000004   Code   RO         1510    .ARM.Collect$$_printf_percent$$00000017  c_w.l(_printf_percent_end.o)
    0x00000190   0x00000190   0x00000002   Code   RO         1596    .ARM.Collect$$libinit$$00000000  c_w.l(libinit.o)
    0x00000192   0x00000192   0x00000000   Code   RO         1512    .ARM.Collect$$libinit$$00000002  c_w.l(libinit2.o)
    0x00000192   0x00000192   0x00000000   Code   RO         1514    .ARM.Collect$$libinit$$00000004  c_w.l(libinit2.o)
    0x00000192   0x00000192   0x00000000   Code   RO         1517    .ARM.Collect$$libinit$$0000000A  c_w.l(libinit2.o)
    0x00000192   0x00000192   0x00000000   Code   RO         1519    .ARM.Collect$$libinit$$0000000C  c_w.l(libinit2.o)
    0x00000192   0x00000192   0x00000004   Code   RO         1520    .ARM.Collect$$libinit$$0000000D  c_w.l(libinit2.o)
    0x00000196   0x00000196   0x00000000   Code   RO         1521    .ARM.Collect$$libinit$$0000000E  c_w.l(libinit2.o)
    0x00000196   0x00000196   0x00000000   Code   RO         1524    .ARM.Collect$$libinit$$00000011  c_w.l(libinit2.o)
    0x00000196   0x00000196   0x00000000   Code   RO         1526    .ARM.Collect$$libinit$$00000013  c_w.l(libinit2.o)
    0x00000196   0x00000196   0x00000000   Code   RO         1528    .ARM.Collect$$libinit$$00000015  c_w.l(libinit2.o)
    0x00000196   0x00000196   0x00000000   Code   RO         1530    .ARM.Collect$$libinit$$00000017  c_w.l(libinit2.o)
    0x00000196   0x00000196   0x00000000   Code   RO         1532    .ARM.Collect$$libinit$$00000019  c_w.l(libinit2.o)
    0x00000196   0x00000196   0x00000000   Code   RO         1534    .ARM.Collect$$libinit$$0000001B  c_w.l(libinit2.o)
    0x00000196   0x00000196   0x00000000   Code   RO         1536    .ARM.Collect$$libinit$$0000001D  c_w.l(libinit2.o)
    0x00000196   0x00000196   0x00000000   Code   RO         1538    .ARM.Collect$$libinit$$0000001F  c_w.l(libinit2.o)
    0x00000196   0x00000196   0x00000000   Code   RO         1540    .ARM.Collect$$libinit$$00000021  c_w.l(libinit2.o)
    0x00000196   0x00000196   0x00000000   Code   RO         1542    .ARM.Collect$$libinit$$00000023  c_w.l(libinit2.o)
    0x00000196   0x00000196   0x00000000   Code   RO         1544    .ARM.Collect$$libinit$$00000025  c_w.l(libinit2.o)
    0x00000196   0x00000196   0x00000000   Code   RO         1548    .ARM.Collect$$libinit$$0000002C  c_w.l(libinit2.o)
    0x00000196   0x00000196   0x00000000   Code   RO         1550    .ARM.Collect$$libinit$$0000002E  c_w.l(libinit2.o)
    0x00000196   0x00000196   0x00000000   Code   RO         1552    .ARM.Collect$$libinit$$00000030  c_w.l(libinit2.o)
    0x00000196   0x00000196   0x00000000   Code   RO         1554    .ARM.Collect$$libinit$$00000032  c_w.l(libinit2.o)
    0x00000196   0x00000196   0x00000002   Code   RO         1555    .ARM.Collect$$libinit$$00000033  c_w.l(libinit2.o)
    0x00000198   0x00000198   0x00000002   Code   RO         1640    .ARM.Collect$$libshutdown$$00000000  c_w.l(libshutdown.o)
    0x0000019a   0x0000019a   0x00000000   Code   RO         1656    .ARM.Collect$$libshutdown$$00000002  c_w.l(libshutdown2.o)
    0x0000019a   0x0000019a   0x00000000   Code   RO         1658    .ARM.Collect$$libshutdown$$00000004  c_w.l(libshutdown2.o)
    0x0000019a   0x0000019a   0x00000000   Code   RO         1661    .ARM.Collect$$libshutdown$$00000007  c_w.l(libshutdown2.o)
    0x0000019a   0x0000019a   0x00000000   Code   RO         1664    .ARM.Collect$$libshutdown$$0000000A  c_w.l(libshutdown2.o)
    0x0000019a   0x0000019a   0x00000000   Code   RO         1666    .ARM.Collect$$libshutdown$$0000000C  c_w.l(libshutdown2.o)
    0x0000019a   0x0000019a   0x00000000   Code   RO         1669    .ARM.Collect$$libshutdown$$0000000F  c_w.l(libshutdown2.o)
    0x0000019a   0x0000019a   0x00000002   Code   RO         1670    .ARM.Collect$$libshutdown$$00000010  c_w.l(libshutdown2.o)
    0x0000019c   0x0000019c   0x00000000   Code   RO         1497    .ARM.Collect$$rtentry$$00000000  c_w.l(__rtentry.o)
    0x0000019c   0x0000019c   0x00000000   Code   RO         1557    .ARM.Collect$$rtentry$$00000002  c_w.l(__rtentry2.o)
    0x0000019c   0x0000019c   0x00000006   Code   RO         1569    .ARM.Collect$$rtentry$$00000004  c_w.l(__rtentry4.o)
    0x000001a2   0x000001a2   0x00000000   Code   RO         1559    .ARM.Collect$$rtentry$$00000009  c_w.l(__rtentry2.o)
    0x000001a2   0x000001a2   0x00000004   Code   RO         1560    .ARM.Collect$$rtentry$$0000000A  c_w.l(__rtentry2.o)
    0x000001a6   0x000001a6   0x00000000   Code   RO         1562    .ARM.Collect$$rtentry$$0000000C  c_w.l(__rtentry2.o)
    0x000001a6   0x000001a6   0x00000008   Code   RO         1563    .ARM.Collect$$rtentry$$0000000D  c_w.l(__rtentry2.o)
    0x000001ae   0x000001ae   0x00000002   Code   RO         1602    .ARM.Collect$$rtexit$$00000000  c_w.l(rtexit.o)
    0x000001b0   0x000001b0   0x00000000   Code   RO         1622    .ARM.Collect$$rtexit$$00000002  c_w.l(rtexit2.o)
    0x000001b0   0x000001b0   0x00000004   Code   RO         1623    .ARM.Collect$$rtexit$$00000003  c_w.l(rtexit2.o)
    0x000001b4   0x000001b4   0x00000006   Code   RO         1624    .ARM.Collect$$rtexit$$00000004  c_w.l(rtexit2.o)
    0x000001ba   0x000001ba   0x00000002   PAD
    0x000001bc   0x000001bc   0x00000034   Code   RO         1488    .emb_text           c_w.l(rand.o)
    0x000001f0   0x000001f0   0x0000003c   Code   RO         1409    .text               startup_lpc17xx.o
    0x0000022c   0x0000022c   0x00000028   Code   RO         1457    .text               c_w.l(noretval__2sprintf.o)
    0x00000254   0x00000254   0x00000068   Code   RO         1459    .text               c_w.l(__printf.o)
    0x000002bc   0x000002bc   0x0000003c   Code   RO         1489    .text               c_w.l(rand.o)
    0x000002f8   0x000002f8   0x00000002   Code   RO         1618    .text               c_w.l(use_no_semi.o)
    0x000002fa   0x000002fa   0x00000000   Code   RO         1620    .text               c_w.l(indicate_semi.o)
    0x000002fa   0x000002fa   0x00000002   Code   RO          735    i.USB_DirCtrlEP     usbhw.o
    0x000002fc   0x000002fc   0x00000004   Code   RO         1408    .ARM.__at_0x02FC    startup_lpc17xx.o
    0x00000300   0x00000300   0x000000ee   Code   RO         1453    .text               c_w.l(lludivv7m.o)
    0x000003ee   0x000003ee   0x00000052   Code   RO         1461    .text               c_w.l(_printf_str.o)
    0x00000440   0x00000440   0x00000078   Code   RO         1463    .text               c_w.l(_printf_dec.o)
    0x000004b8   0x000004b8   0x00000006   Code   RO         1493    .text               c_w.l(heapauxi.o)
    0x000004be   0x000004be   0x000000b2   Code   RO         1502    .text               c_w.l(_printf_intcommon.o)
    0x00000570   0x00000570   0x00000030   Code   RO         1504    .text               c_w.l(_printf_char_common.o)
    0x000005a0   0x000005a0   0x0000000a   Code   RO         1506    .text               c_w.l(_sputc.o)
    0x000005aa   0x000005aa   0x0000002c   Code   RO         1508    .text               c_w.l(_printf_char.o)
    0x000005d6   0x000005d6   0x0000004a   Code   RO         1579    .text               c_w.l(sys_stackheap_outer.o)
    0x00000620   0x00000620   0x00000012   Code   RO         1581    .text               c_w.l(exit.o)
    0x00000632   0x00000632   0x00000002   PAD
    0x00000634   0x00000634   0x00000008   Code   RO         1599    .text               c_w.l(libspace.o)
    0x0000063c   0x0000063c   0x0000000c   Code   RO         1616    .text               c_w.l(sys_exit.o)
    0x00000648   0x00000648   0x00000004   Code   RO          521    i.ADC_EP_GetRequest  adcuser.o
    0x0000064c   0x0000064c   0x00000004   Code   RO          522    i.ADC_EP_SetRequest  adcuser.o
    0x00000650   0x00000650   0x00000090   Code   RO          523    i.ADC_IF_GetRequest  adcuser.o
    0x000006e0   0x000006e0   0x00000060   Code   RO          524    i.ADC_IF_SetRequest  adcuser.o
    0x00000740   0x00000740   0x00000028   Code   RO         1049    i.ADC_IRQHandler    adc_mcb1700.o
    0x00000768   0x00000768   0x00000020   Code   RO         1221    i.Clear_Channel_active_flag  gpdma_lpc17xx.o
    0x00000788   0x00000788   0x00000180   Code   RO         1222    i.DMA_IRQHandler    gpdma_lpc17xx.o
    0x00000908   0x00000908   0x00000036   Code   RO          289    i.DrawBlock         pacman.o
    0x0000093e   0x0000093e   0x00000036   Code   RO          401    i.DrawBlock_OP      pacman_openworld.o
    0x00000974   0x00000974   0x00000030   Code   RO          290    i.DrawDot           pacman.o
    0x000009a4   0x000009a4   0x00000030   Code   RO          402    i.DrawDot_OP        pacman_openworld.o
    0x000009d4   0x000009d4   0x0000002c   Code   RO          291    i.DrawGhost         pacman.o
    0x00000a00   0x00000a00   0x0000002c   Code   RO          403    i.DrawGhost_OP      pacman_openworld.o
    0x00000a2c   0x00000a2c   0x0000002c   Code   RO          292    i.DrawPacman        pacman.o
    0x00000a58   0x00000a58   0x0000002c   Code   RO          404    i.DrawPacman_OP     pacman_openworld.o
    0x00000a84   0x00000a84   0x00000010   Code   RO          722    i.EPAdr             usbhw.o
    0x00000a94   0x00000a94   0x00000052   Code   RO           38    i.GLCD_Bitmap       glcd_spi_lpc1700.o
    0x00000ae6   0x00000ae6   0x0000002a   Code   RO           39    i.GLCD_Clear        glcd_spi_lpc1700.o
    0x00000b10   0x00000b10   0x0000005e   Code   RO           40    i.GLCD_ClearLn      glcd_spi_lpc1700.o
    0x00000b6e   0x00000b6e   0x00000002   PAD
    0x00000b70   0x00000b70   0x0000005c   Code   RO           41    i.GLCD_DisplayChar  glcd_spi_lpc1700.o
    0x00000bcc   0x00000bcc   0x00000028   Code   RO           42    i.GLCD_DisplayString  glcd_spi_lpc1700.o
    0x00000bf4   0x00000bf4   0x0000009c   Code   RO           43    i.GLCD_DrawChar     glcd_spi_lpc1700.o
    0x00000c90   0x00000c90   0x000005e8   Code   RO           44    i.GLCD_Init         glcd_spi_lpc1700.o
    0x00001278   0x00001278   0x00000080   Code   RO           45    i.GLCD_PutPixel     glcd_spi_lpc1700.o
    0x000012f8   0x000012f8   0x0000000c   Code   RO           47    i.GLCD_SetBackColor  glcd_spi_lpc1700.o
    0x00001304   0x00001304   0x0000000c   Code   RO           48    i.GLCD_SetTextColor  glcd_spi_lpc1700.o
    0x00001310   0x00001310   0x000000ac   Code   RO           49    i.GLCD_SetWindow    glcd_spi_lpc1700.o
    0x000013bc   0x000013bc   0x00000012   Code   RO           50    i.GLCD_WindowMax    glcd_spi_lpc1700.o
    0x000013ce   0x000013ce   0x00000002   PAD
    0x000013d0   0x000013d0   0x00000020   Code   RO         1318    i.GPIO_PinRead      gpio_lpc17xx.o
    0x000013f0   0x000013f0   0x00000028   Code   RO         1319    i.GPIO_PinWrite     gpio_lpc17xx.o
    0x00001418   0x00001418   0x0000002c   Code   RO         1320    i.GPIO_PortClock    gpio_lpc17xx.o
    0x00001444   0x00001444   0x00000038   Code   RO         1323    i.GPIO_SetDir       gpio_lpc17xx.o
    0x0000147c   0x0000147c   0x000001fc   Code   RO          293    i.Game_End_Screen   pacman.o
    0x00001678   0x00001678   0x000001fc   Code   RO          405    i.Game_End_Screen_OP  pacman_openworld.o
    0x00001874   0x00001874   0x00000204   Code   RO          389    i.Game_Select       game.o
    0x00001a78   0x00001a78   0x0000019c   Code   RO          294    i.Ghost_Move        pacman.o
    0x00001c14   0x00001c14   0x0000019c   Code   RO          406    i.Ghost_Move_OP     pacman_openworld.o
    0x00001db0   0x00001db0   0x0000005c   Code   RO         1120    i.Joystick_GetState  joystick_mcb1700.o
    0x00001e0c   0x00001e0c   0x00000048   Code   RO         1121    i.Joystick_Initialize  joystick_mcb1700.o
    0x00001e54   0x00001e54   0x0000005c   Code   RO         1166    i.LED_Initialize    led_mcb1700.o
    0x00001eb0   0x00001eb0   0x0000002c   Code   RO         1167    i.LED_Off           led_mcb1700.o
    0x00001edc   0x00001edc   0x0000002c   Code   RO         1168    i.LED_On            led_mcb1700.o
    0x00001f08   0x00001f08   0x00000028   Code   RO         1169    i.LED_SetOut        led_mcb1700.o
    0x00001f30   0x00001f30   0x000000d4   Code   RO          685    i.MP3_Init          usbdmain.o
    0x00002004   0x00002004   0x000000ac   Code   RO          489    i.MP3_Player        mp3_player.o
    0x000020b0   0x000020b0   0x00000248   Code   RO            1    i.Main_Menu         main_menu.o
    0x000022f8   0x000022f8   0x000000fc   Code   RO         1372    i.PIN_Configure     pin_lpc17xx.o
    0x000023f4   0x000023f4   0x00000080   Code   RO          295    i.Pacman_DrawMaze   pacman.o
    0x00002474   0x00002474   0x00000080   Code   RO          407    i.Pacman_DrawMaze_OP  pacman_openworld.o
    0x000024f4   0x000024f4   0x00000058   Code   RO          296    i.Pacman_Init       pacman.o
    0x0000254c   0x0000254c   0x00000058   Code   RO          408    i.Pacman_Init_OP    pacman_openworld.o
    0x000025a4   0x000025a4   0x00000098   Code   RO          297    i.Pacman_MovePlayer  pacman.o
    0x0000263c   0x0000263c   0x00000098   Code   RO          409    i.Pacman_MovePlayer_OP  pacman_openworld.o
    0x000026d4   0x000026d4   0x000002dc   Code   RO          237    i.Photo_Gallery     photo_gallery.o
    0x000029b0   0x000029b0   0x00000030   Code   RO          723    i.RdCmdDat          usbhw.o
    0x000029e0   0x000029e0   0x00000064   Code   RO          298    i.Reset_Pacman      pacman.o
    0x00002a44   0x00002a44   0x00000064   Code   RO          410    i.Reset_Pacman_OpenWorld  pacman_openworld.o
    0x00002aa8   0x00002aa8   0x000000ec   Code   RO          299    i.Run_Pacman        pacman.o
    0x00002b94   0x00002b94   0x000000ec   Code   RO          411    i.Run_Pacman_OpenWorld  pacman_openworld.o
    0x00002c80   0x00002c80   0x00000180   Code   RO          238    i.Scroll_Through_Gallery  photo_gallery.o
    0x00002e00   0x00002e00   0x000001a8   Code   RO         1418    i.SystemCoreClockUpdate  system_lpc17xx.o
    0x00002fa8   0x00002fa8   0x00000140   Code   RO         1419    i.SystemInit        system_lpc17xx.o
    0x000030e8   0x000030e8   0x00000124   Code   RO          686    i.TIMER0_IRQHandler  usbdmain.o
    0x0000320c   0x0000320c   0x00000020   Code   RO          725    i.USB_ClrStallEP    usbhw.o
    0x0000322c   0x0000322c   0x0000004c   Code   RO          726    i.USB_ConfigEP      usbhw.o
    0x00003278   0x00003278   0x00000044   Code   RO          727    i.USB_Configure     usbhw.o
    0x000032bc   0x000032bc   0x00000020   Code   RO          728    i.USB_Connect       usbhw.o
    0x000032dc   0x000032dc   0x00000024   Code   RO          729    i.USB_DMA_BufAdr    usbhw.o
    0x00003300   0x00003300   0x00000018   Code   RO          732    i.USB_DMA_Enable    usbhw.o
    0x00003318   0x00003318   0x0000010c   Code   RO          733    i.USB_DMA_Setup     usbhw.o
    0x00003424   0x00003424   0x00000038   Code   RO          571    i.USB_DataInStage   usbcore.o
    0x0000345c   0x0000345c   0x00000028   Code   RO          572    i.USB_DataOutStage  usbcore.o
    0x00003484   0x00003484   0x00000024   Code   RO          736    i.USB_DisableEP     usbhw.o
    0x000034a8   0x000034a8   0x00000020   Code   RO          737    i.USB_EnableEP      usbhw.o
    0x000034c8   0x000034c8   0x00000330   Code   RO          573    i.USB_EndPoint0     usbcore.o
    0x000037f8   0x000037f8   0x000000b8   Code   RO          937    i.USB_EndPoint3     usbuser.o
    0x000038b0   0x000038b0   0x0000021c   Code   RO          739    i.USB_IRQHandler    usbhw.o
    0x00003acc   0x00003acc   0x000000a0   Code   RO          740    i.USB_Init          usbhw.o
    0x00003b6c   0x00003b6c   0x0000006c   Code   RO          741    i.USB_ReadEP        usbhw.o
    0x00003bd8   0x00003bd8   0x000000b8   Code   RO          632    i.USB_ReqGetDescriptor  usbcore.o
    0x00003c90   0x00003c90   0x000000c0   Code   RO          620    i.USB_ReqGetStatus  usbcore.o
    0x00003d50   0x00003d50   0x000000ec   Code   RO          626    i.USB_ReqSetClrFeature  usbcore.o
    0x00003e3c   0x00003e3c   0x000001b8   Code   RO          638    i.USB_ReqSetConfiguration  usbcore.o
    0x00003ff4   0x00003ff4   0x00000130   Code   RO          644    i.USB_ReqSetInterface  usbcore.o
    0x00004124   0x00004124   0x000000c4   Code   RO          742    i.USB_Reset         usbhw.o
    0x000041e8   0x000041e8   0x0000003c   Code   RO          574    i.USB_ResetCore     usbcore.o
    0x00004224   0x00004224   0x00000020   Code   RO          743    i.USB_ResetEP       usbhw.o
    0x00004244   0x00004244   0x00000008   Code   RO          944    i.USB_Reset_Event   usbuser.o
    0x0000424c   0x0000424c   0x00000002   Code   RO          744    i.USB_Resume        usbhw.o
    0x0000424e   0x0000424e   0x00000002   Code   RO          945    i.USB_SOF_Event     usbuser.o
    0x00004250   0x00004250   0x00000030   Code   RO          745    i.USB_SetAddress    usbhw.o
    0x00004280   0x00004280   0x00000024   Code   RO          746    i.USB_SetStallEP    usbhw.o
    0x000042a4   0x000042a4   0x00000010   Code   RO          575    i.USB_SetupStage    usbcore.o
    0x000042b4   0x000042b4   0x0000000e   Code   RO          576    i.USB_StatusInStage  usbcore.o
    0x000042c2   0x000042c2   0x00000002   PAD
    0x000042c4   0x000042c4   0x00000010   Code   RO          577    i.USB_StatusOutStage  usbcore.o
    0x000042d4   0x000042d4   0x00000002   Code   RO          747    i.USB_Suspend       usbhw.o
    0x000042d6   0x000042d6   0x00000002   Code   RO          749    i.USB_WakeUpCfg     usbhw.o
    0x000042d8   0x000042d8   0x00000054   Code   RO          750    i.USB_WriteEP       usbhw.o
    0x0000432c   0x0000432c   0x00000028   Code   RO          751    i.WrCmd             usbhw.o
    0x00004354   0x00004354   0x00000044   Code   RO          752    i.WrCmdDat          usbhw.o
    0x00004398   0x00004398   0x00000058   Code   RO          753    i.WrCmdEP           usbhw.o
    0x000043f0   0x000043f0   0x0000000e   Code   RO           53    i.delay             glcd_spi_lpc1700.o
    0x000043fe   0x000043fe   0x00000002   PAD
    0x00004400   0x00004400   0x00000014   Code   RO          300    i.delay             pacman.o
    0x00004414   0x00004414   0x00000014   Code   RO          412    i.delay_OP          pacman_openworld.o
    0x00004428   0x00004428   0x00000044   Code   RO          687    i.get_potval        usbdmain.o
    0x0000446c   0x0000446c   0x0000000c   Code   RO            2    i.main              main_menu.o
    0x00004478   0x00004478   0x0000008c   Code   RO           54    i.rd_id_man         glcd_spi_lpc1700.o
    0x00004504   0x00004504   0x00000048   Code   RO           55    i.rd_reg            glcd_spi_lpc1700.o
    0x0000454c   0x0000454c   0x00000080   Code   RO          301    i.redrawTile        pacman.o
    0x000045cc   0x000045cc   0x00000080   Code   RO          413    i.redrawTile_OP     pacman_openworld.o
    0x0000464c   0x0000464c   0x00000020   Code   RO           56    i.spi_tran          glcd_spi_lpc1700.o
    0x0000466c   0x0000466c   0x00000080   Code   RO           57    i.spi_tran_man      glcd_spi_lpc1700.o
    0x000046ec   0x000046ec   0x00000028   Code   RO           58    i.wr_cmd            glcd_spi_lpc1700.o
    0x00004714   0x00004714   0x00000028   Code   RO           59    i.wr_dat            glcd_spi_lpc1700.o
    0x0000473c   0x0000473c   0x00000012   Code   RO           60    i.wr_dat_only       glcd_spi_lpc1700.o
    0x0000474e   0x0000474e   0x00000002   PAD
    0x00004750   0x00004750   0x00000014   Code   RO           61    i.wr_dat_start      glcd_spi_lpc1700.o
    0x00004764   0x00004764   0x0000000c   Code   RO           62    i.wr_dat_stop       glcd_spi_lpc1700.o
    0x00004770   0x00004770   0x00000014   Code   RO           63    i.wr_reg            glcd_spi_lpc1700.o
    0x00004784   0x00004784   0x00001880   Data   RO           64    .constdata          glcd_spi_lpc1700.o
    0x00006004   0x00006004   0x00078784   Data   RO          239    .constdata          photo_gallery.o
    0x0007e788   0x0007e788   0x000000e4   Data   RO          673    .constdata          usbdesc.o
    0x0007e86c   0x0007e86c   0x00000010   Data   RO          755    .constdata          usbhw.o
    0x0007e87c   0x0007e87c   0x00000040   Data   RO          946    .constdata          usbuser.o
    0x0007e8bc   0x0007e8bc   0x0000000a   Data   RO         1123    .constdata          joystick_mcb1700.o
    0x0007e8c6   0x0007e8c6   0x00000010   Data   RO         1171    .constdata          led_mcb1700.o
    0x0007e8d6   0x0007e8d6   0x00000002   PAD
    0x0007e8d8   0x0007e8d8   0x00000030   Data   RO         1671    Region$$Table       anon$$obj.o


    Execution Region RW_IRAM1 (Exec base: 0x10000000, Load base: 0x0007e908, Size: 0x000035a0, Max: 0x00008000, ABSOLUTE, COMPRESSED[0x00000214])

    Exec Addr    Load Addr    Size         Type   Attr      Idx    E Section Name        Object

    0x10000000   COMPRESSED   0x00000005   Data   RW           65    .data               glcd_spi_lpc1700.o
    0x10000005   COMPRESSED   0x00000003   PAD
    0x10000008   COMPRESSED   0x00001804   Data   RW          303    .data               pacman.o
    0x1000180c   COMPRESSED   0x00001804   Data   RW          415    .data               pacman_openworld.o
    0x10003010   COMPRESSED   0x00000002   Data   RW          526    .data               adcuser.o
    0x10003012   COMPRESSED   0x00000002   PAD
    0x10003014   COMPRESSED   0x00000028   Data   RW          579    .data               usbcore.o
    0x1000303c   COMPRESSED   0x00000020   Data   RW          688    .data               usbdmain.o
    0x1000305c   COMPRESSED   0x00000008   Data   RW          756    .data               usbhw.o
    0x10003064   COMPRESSED   0x00000003   Data   RW         1054    .data               adc_mcb1700.o
    0x10003067   COMPRESSED   0x00000001   PAD
    0x10003068   COMPRESSED   0x00000008   Data   RW         1234    .data               gpdma_lpc17xx.o
    0x10003070   COMPRESSED   0x00000004   Data   RW         1420    .data               system_lpc17xx.o
    0x10003074        -       0x00000044   Zero   RW          302    .bss                pacman.o
    0x100030b8        -       0x00000044   Zero   RW          414    .bss                pacman_openworld.o
    0x100030fc        -       0x00000040   Zero   RW          578    .bss                usbcore.o
    0x1000313c        -       0x00000080   Zero   RW          754    .bss                usbhw.o
    0x100031bc        -       0x000000a0   Zero   RW         1233    .bss                gpdma_lpc17xx.o
    0x1000325c        -       0x000000e4   Zero   RW         1490    .bss                c_w.l(rand.o)
    0x10003340        -       0x00000060   Zero   RW         1600    .bss                c_w.l(libspace.o)
    0x100033a0        -       0x00000000   Zero   RW         1406    HEAP                startup_lpc17xx.o
    0x100033a0        -       0x00000200   Zero   RW         1405    STACK               startup_lpc17xx.o


    Execution Region RW_USBRAM (Exec base: 0x20080000, Load base: 0x0007eb1c, Size: 0x00000220, Max: 0x00004000, ABSOLUTE)

    Exec Addr    Load Addr    Size         Type   Attr      Idx    E Section Name        Object

    0x20080000        -       0x00000220   Zero   RW          757    USB_RAM             usbhw.o


==============================================================================

Image component sizes


      Code (inc. data)   RO Data    RW Data    ZI Data      Debug   Object Name

        40         12          0          3          0       2455   adc_mcb1700.o
       248         32          0          2          0       2358   adcuser.o
       516        124          0          0          0        806   game.o
      2896        104       6272          5          0      14982   glcd_spi_lpc1700.o
       416         16          0          8        160       6797   gpdma_lpc17xx.o
       172         18          0          0          0       2442   gpio_lpc17xx.o
       164          8         10          0          0       2218   joystick_mcb1700.o
       220         12         16          0          0       3365   led_mcb1700.o
       596        168          0          0          0       5719   main_menu.o
       172         72          0          0          0       6037   mp3_player.o
      1962        208          0       6148         68       9319   pacman.o
      1962        208          0       6148         68       9135   pacman_openworld.o
      1116        288     493444          0          0       3249   photo_gallery.o
       252          6          0          0          0        844   pin_lpc17xx.o
        64         26        204          0        512        980   startup_lpc17xx.o
       744         34          0          4          0       1327   system_lpc17xx.o
      2374        236          0         40         64       9723   usbcore.o
         0          0        228          0          0        625   usbdesc.o
       572         80          0         32          0      24049   usbdmain.o
      2076        230         16          8        672      13832   usbhw.o
       194         20         64          0          0       1873   usbuser.o

    ----------------------------------------------------------------------
     16766       1902     500304      12404       1544     122135   Object Totals
         0          0         48          0          0          0   (incl. Generated)
        10          0          2          6          0          0   (incl. Padding)

    ----------------------------------------------------------------------

      Code (inc. data)   RO Data    RW Data    ZI Data      Debug   Library Member Name

        90          0          0          0          0          0   __dczerorl2.o
         8          0          0          0          0         68   __main.o
       104          0          0          0          0         84   __printf.o
         0          0          0          0          0          0   __rtentry.o
        12          0          0          0          0          0   __rtentry2.o
         6          0          0          0          0          0   __rtentry4.o
        52          8          0          0          0          0   __scatter.o
        28          0          0          0          0          0   __scatter_zi.o
        44          0          0          0          0        108   _printf_char.o
        48          6          0          0          0         96   _printf_char_common.o
         6          0          0          0          0          0   _printf_d.o
       120         16          0          0          0         92   _printf_dec.o
       178          0          0          0          0         88   _printf_intcommon.o
         0          0          0          0          0          0   _printf_percent.o
         4          0          0          0          0          0   _printf_percent_end.o
         6          0          0          0          0          0   _printf_s.o
        82          0          0          0          0         80   _printf_str.o
        10          0          0          0          0         68   _sputc.o
        18          0          0          0          0         80   exit.o
         6          0          0          0          0        152   heapauxi.o
         0          0          0          0          0          0   indicate_semi.o
         2          0          0          0          0          0   libinit.o
         6          0          0          0          0          0   libinit2.o
         2          0          0          0          0          0   libshutdown.o
         2          0          0          0          0          0   libshutdown2.o
         8          4          0          0         96         68   libspace.o
       238          0          0          0          0        100   lludivv7m.o
        40          6          0          0          0         84   noretval__2sprintf.o
       112         18          0          0        228        160   rand.o
         2          0          0          0          0          0   rtexit.o
        10          0          0          0          0          0   rtexit2.o
        12          4          0          0          0         68   sys_exit.o
        74          0          0          0          0         80   sys_stackheap_outer.o
         2          0          0          0          0         68   use_no_semi.o

    ----------------------------------------------------------------------
      1338         62          0          0        324       1544   Library Totals
         6          0          0          0          0          0   (incl. Padding)

    ----------------------------------------------------------------------

      Code (inc. data)   RO Data    RW Data    ZI Data      Debug   Library Name

      1332         62          0          0        324       1544   c_w.l

    ----------------------------------------------------------------------
      1338         62          0          0        324       1544   Library Totals

    ----------------------------------------------------------------------

==============================================================================


      Code (inc. data)   RO Data    RW Data    ZI Data      Debug   

     18104       1964     500304      12404       1868     117071   Grand Totals
     18104       1964     500304        532       1868     117071   ELF Image Totals (compressed)
     18104       1964     500304        532          0          0   ROM Totals

==============================================================================

    Total RO  Size (Code + RO Data)               518408 ( 506.26kB)
    Total RW  Size (RW Data + ZI Data)             14272 (  13.94kB)
    Total ROM Size (Code + RO Data + RW Data)     518940 ( 506.78kB)

==============================================================================

